CRITICAL - 2022-04-12 18:53:13 --> syntax error, unexpected end of file, expecting function (T_FUNCTION) or const (T_CONST)
#0 C:\xampp\htdocs\primer_proyecto\system\Router\Router.php(175): CodeIgniter\Router\Router->autoRoute('/')
#1 C:\xampp\htdocs\primer_proyecto\system\CodeIgniter.php(726): CodeIgniter\Router\Router->handle('/')
#2 C:\xampp\htdocs\primer_proyecto\system\CodeIgniter.php(368): CodeIgniter\CodeIgniter->tryToRouteIt(Object(CodeIgniter\Router\RouteCollection))
#3 C:\xampp\htdocs\primer_proyecto\system\CodeIgniter.php(326): CodeIgniter\CodeIgniter->handleRequest(NULL, Object(Config\Cache), false)
#4 C:\xampp\htdocs\primer_proyecto\index.php(37): CodeIgniter\CodeIgniter->run()
#5 {main}
CRITICAL - 2022-04-12 18:53:28 --> syntax error, unexpected end of file, expecting function (T_FUNCTION) or const (T_CONST)
#0 C:\xampp\htdocs\primer_proyecto\system\Autoloader\Autoloader.php(241): CodeIgniter\Autoloader\Autoloader->includeFile('C:\\xampp\\htdocs...')
#1 C:\xampp\htdocs\primer_proyecto\system\Autoloader\Autoloader.php(219): CodeIgniter\Autoloader\Autoloader->loadInNamespace('App\\Controllers...')
#2 [internal function]: CodeIgniter\Autoloader\Autoloader->loadClass('App\\Controllers...')
#3 [internal function]: spl_autoload_call('App\\Controllers...')
#4 C:\xampp\htdocs\primer_proyecto\system\CodeIgniter.php(797): class_exists('\\App\\Controller...', true)
#5 C:\xampp\htdocs\primer_proyecto\system\CodeIgniter.php(406): CodeIgniter\CodeIgniter->startController()
#6 C:\xampp\htdocs\primer_proyecto\system\CodeIgniter.php(326): CodeIgniter\CodeIgniter->handleRequest(NULL, Object(Config\Cache), false)
#7 C:\xampp\htdocs\primer_proyecto\index.php(37): CodeIgniter\CodeIgniter->run()
#8 {main}
CRITICAL - 2022-04-12 19:50:30 --> syntax error, unexpected 'public' (T_PUBLIC)
#0 C:\xampp\htdocs\primer_proyecto\system\View\View.php(213): CodeIgniter\View\View->CodeIgniter\View\{closure}()
#1 C:\xampp\htdocs\primer_proyecto\system\Common.php(1089): CodeIgniter\View\View->render('proyecto1/princ...', Array, true)
#2 C:\xampp\htdocs\primer_proyecto\app\Controllers\Home.php(12): view('proyecto1/princ...')
#3 C:\xampp\htdocs\primer_proyecto\system\CodeIgniter.php(832): App\Controllers\Home->prueba()
#4 C:\xampp\htdocs\primer_proyecto\system\CodeIgniter.php(419): CodeIgniter\CodeIgniter->runController(Object(App\Controllers\Home))
#5 C:\xampp\htdocs\primer_proyecto\system\CodeIgniter.php(326): CodeIgniter\CodeIgniter->handleRequest(NULL, Object(Config\Cache), false)
#6 C:\xampp\htdocs\primer_proyecto\index.php(37): CodeIgniter\CodeIgniter->run()
#7 {main}
CRITICAL - 2022-04-12 19:52:47 --> syntax error, unexpected '/'
#0 C:\xampp\htdocs\primer_proyecto\system\View\View.php(213): CodeIgniter\View\View->CodeIgniter\View\{closure}()
#1 C:\xampp\htdocs\primer_proyecto\system\Common.php(1089): CodeIgniter\View\View->render('proyecto1/princ...', Array, true)
#2 C:\xampp\htdocs\primer_proyecto\app\Controllers\Home.php(12): view('proyecto1/princ...')
#3 C:\xampp\htdocs\primer_proyecto\system\CodeIgniter.php(832): App\Controllers\Home->prueba()
#4 C:\xampp\htdocs\primer_proyecto\system\CodeIgniter.php(419): CodeIgniter\CodeIgniter->runController(Object(App\Controllers\Home))
#5 C:\xampp\htdocs\primer_proyecto\system\CodeIgniter.php(326): CodeIgniter\CodeIgniter->handleRequest(NULL, Object(Config\Cache), false)
#6 C:\xampp\htdocs\primer_proyecto\index.php(37): CodeIgniter\CodeIgniter->run()
#7 {main}
