CRITICAL - 2022-06-22 17:25:07 --> syntax error, unexpected ','
#0 C:\xampp\htdocs\CI_AcevedoAriel\system\Autoloader\Autoloader.php(241): CodeIgniter\Autoloader\Autoloader->includeFile('C:\\xampp\\htdocs...')
#1 C:\xampp\htdocs\CI_AcevedoAriel\system\Autoloader\Autoloader.php(219): CodeIgniter\Autoloader\Autoloader->loadInNamespace('App\\Controllers...')
#2 [internal function]: CodeIgniter\Autoloader\Autoloader->loadClass('App\\Controllers...')
#3 [internal function]: spl_autoload_call('App\\Controllers...')
#4 C:\xampp\htdocs\CI_AcevedoAriel\system\CodeIgniter.php(797): class_exists('\\App\\Controller...', true)
#5 C:\xampp\htdocs\CI_AcevedoAriel\system\CodeIgniter.php(406): CodeIgniter\CodeIgniter->startController()
#6 C:\xampp\htdocs\CI_AcevedoAriel\system\CodeIgniter.php(326): CodeIgniter\CodeIgniter->handleRequest(NULL, Object(Config\Cache), false)
#7 C:\xampp\htdocs\CI_AcevedoAriel\index.php(37): CodeIgniter\CodeIgniter->run()
#8 {main}
CRITICAL - 2022-06-22 17:32:00 --> required|alpha_space is not a valid rule.
#0 C:\xampp\htdocs\CI_AcevedoAriel\system\Validation\Validation.php(300): CodeIgniter\Validation\Exceptions\ValidationException::forRuleNotFound('required|alpha_...')
#1 C:\xampp\htdocs\CI_AcevedoAriel\system\Validation\Validation.php(157): CodeIgniter\Validation\Validation->processRules('pais', 'pais', 'Argentina', Array, Array)
#2 C:\xampp\htdocs\CI_AcevedoAriel\system\Controller.php(160): CodeIgniter\Validation\Validation->run()
#3 C:\xampp\htdocs\CI_AcevedoAriel\app\Controllers\Usuario_controller.php(71): CodeIgniter\Controller->validate(Array)
#4 C:\xampp\htdocs\CI_AcevedoAriel\system\CodeIgniter.php(832): App\Controllers\Usuario_controller->registrar_cliente()
#5 C:\xampp\htdocs\CI_AcevedoAriel\system\CodeIgniter.php(419): CodeIgniter\CodeIgniter->runController(Object(App\Controllers\Usuario_controller))
#6 C:\xampp\htdocs\CI_AcevedoAriel\system\CodeIgniter.php(326): CodeIgniter\CodeIgniter->handleRequest(NULL, Object(Config\Cache), false)
#7 C:\xampp\htdocs\CI_AcevedoAriel\index.php(37): CodeIgniter\CodeIgniter->run()
#8 {main}
CRITICAL - 2022-06-22 17:39:14 --> required|alpha_space is not a valid rule.
#0 C:\xampp\htdocs\CI_AcevedoAriel\system\Validation\Validation.php(300): CodeIgniter\Validation\Exceptions\ValidationException::forRuleNotFound('required|alpha_...')
#1 C:\xampp\htdocs\CI_AcevedoAriel\system\Validation\Validation.php(157): CodeIgniter\Validation\Validation->processRules('pais', 'pais', '', Array, Array)
#2 C:\xampp\htdocs\CI_AcevedoAriel\system\Controller.php(160): CodeIgniter\Validation\Validation->run()
#3 C:\xampp\htdocs\CI_AcevedoAriel\app\Controllers\Usuario_controller.php(71): CodeIgniter\Controller->validate(Array)
#4 C:\xampp\htdocs\CI_AcevedoAriel\system\CodeIgniter.php(832): App\Controllers\Usuario_controller->registrar_cliente()
#5 C:\xampp\htdocs\CI_AcevedoAriel\system\CodeIgniter.php(419): CodeIgniter\CodeIgniter->runController(Object(App\Controllers\Usuario_controller))
#6 C:\xampp\htdocs\CI_AcevedoAriel\system\CodeIgniter.php(326): CodeIgniter\CodeIgniter->handleRequest(NULL, Object(Config\Cache), false)
#7 C:\xampp\htdocs\CI_AcevedoAriel\index.php(37): CodeIgniter\CodeIgniter->run()
#8 {main}
CRITICAL - 2022-06-22 17:42:14 --> required|alpha_space is not a valid rule.
#0 C:\xampp\htdocs\CI_AcevedoAriel\system\Validation\Validation.php(300): CodeIgniter\Validation\Exceptions\ValidationException::forRuleNotFound('required|alpha_...')
#1 C:\xampp\htdocs\CI_AcevedoAriel\system\Validation\Validation.php(157): CodeIgniter\Validation\Validation->processRules('pais', 'pais', '', Array, Array)
#2 C:\xampp\htdocs\CI_AcevedoAriel\system\Controller.php(160): CodeIgniter\Validation\Validation->run()
#3 C:\xampp\htdocs\CI_AcevedoAriel\app\Controllers\Usuario_controller.php(71): CodeIgniter\Controller->validate(Array)
#4 C:\xampp\htdocs\CI_AcevedoAriel\system\CodeIgniter.php(832): App\Controllers\Usuario_controller->registrar_cliente()
#5 C:\xampp\htdocs\CI_AcevedoAriel\system\CodeIgniter.php(419): CodeIgniter\CodeIgniter->runController(Object(App\Controllers\Usuario_controller))
#6 C:\xampp\htdocs\CI_AcevedoAriel\system\CodeIgniter.php(326): CodeIgniter\CodeIgniter->handleRequest(NULL, Object(Config\Cache), false)
#7 C:\xampp\htdocs\CI_AcevedoAriel\index.php(37): CodeIgniter\CodeIgniter->run()
#8 {main}
CRITICAL - 2022-06-22 18:46:43 --> syntax error, unexpected '=>' (T_DOUBLE_ARROW), expecting ']'
#0 C:\xampp\htdocs\CI_AcevedoAriel\system\Autoloader\Autoloader.php(241): CodeIgniter\Autoloader\Autoloader->includeFile('C:\\xampp\\htdocs...')
#1 C:\xampp\htdocs\CI_AcevedoAriel\system\Autoloader\Autoloader.php(219): CodeIgniter\Autoloader\Autoloader->loadInNamespace('App\\Controllers...')
#2 [internal function]: CodeIgniter\Autoloader\Autoloader->loadClass('App\\Controllers...')
#3 [internal function]: spl_autoload_call('App\\Controllers...')
#4 C:\xampp\htdocs\CI_AcevedoAriel\system\CodeIgniter.php(797): class_exists('\\App\\Controller...', true)
#5 C:\xampp\htdocs\CI_AcevedoAriel\system\CodeIgniter.php(406): CodeIgniter\CodeIgniter->startController()
#6 C:\xampp\htdocs\CI_AcevedoAriel\system\CodeIgniter.php(326): CodeIgniter\CodeIgniter->handleRequest(NULL, Object(Config\Cache), false)
#7 C:\xampp\htdocs\CI_AcevedoAriel\index.php(37): CodeIgniter\CodeIgniter->run()
#8 {main}
CRITICAL - 2022-06-22 18:52:54 --> Undefined variable: producto
#0 C:\xampp\htdocs\CI_AcevedoAriel\app\Views\backEnd\producto\agregar_producto_view.php(43): CodeIgniter\Debug\Exceptions->errorHandler(8, 'Undefined varia...', 'C:\\xampp\\htdocs...', 43, Array)
#1 C:\xampp\htdocs\CI_AcevedoAriel\system\View\View.php(210): include('C:\\xampp\\htdocs...')
#2 C:\xampp\htdocs\CI_AcevedoAriel\system\View\View.php(213): CodeIgniter\View\View->CodeIgniter\View\{closure}()
#3 C:\xampp\htdocs\CI_AcevedoAriel\system\Common.php(1089): CodeIgniter\View\View->render('backEnd/product...', Array, true)
#4 C:\xampp\htdocs\CI_AcevedoAriel\app\Controllers\Producto_Controller.php(16): view('backEnd/product...')
#5 C:\xampp\htdocs\CI_AcevedoAriel\system\CodeIgniter.php(832): App\Controllers\Producto_Controller->agregar_producto()
#6 C:\xampp\htdocs\CI_AcevedoAriel\system\CodeIgniter.php(419): CodeIgniter\CodeIgniter->runController(Object(App\Controllers\Producto_Controller))
#7 C:\xampp\htdocs\CI_AcevedoAriel\system\CodeIgniter.php(326): CodeIgniter\CodeIgniter->handleRequest(NULL, Object(Config\Cache), false)
#8 C:\xampp\htdocs\CI_AcevedoAriel\index.php(37): CodeIgniter\CodeIgniter->run()
#9 {main}
CRITICAL - 2022-06-22 18:53:13 --> Undefined variable: set_value
#0 C:\xampp\htdocs\CI_AcevedoAriel\app\Views\backEnd\producto\agregar_producto_view.php(43): CodeIgniter\Debug\Exceptions->errorHandler(8, 'Undefined varia...', 'C:\\xampp\\htdocs...', 43, Array)
#1 C:\xampp\htdocs\CI_AcevedoAriel\system\View\View.php(210): include('C:\\xampp\\htdocs...')
#2 C:\xampp\htdocs\CI_AcevedoAriel\system\View\View.php(213): CodeIgniter\View\View->CodeIgniter\View\{closure}()
#3 C:\xampp\htdocs\CI_AcevedoAriel\system\Common.php(1089): CodeIgniter\View\View->render('backEnd/product...', Array, true)
#4 C:\xampp\htdocs\CI_AcevedoAriel\app\Controllers\Producto_Controller.php(16): view('backEnd/product...')
#5 C:\xampp\htdocs\CI_AcevedoAriel\system\CodeIgniter.php(832): App\Controllers\Producto_Controller->agregar_producto()
#6 C:\xampp\htdocs\CI_AcevedoAriel\system\CodeIgniter.php(419): CodeIgniter\CodeIgniter->runController(Object(App\Controllers\Producto_Controller))
#7 C:\xampp\htdocs\CI_AcevedoAriel\system\CodeIgniter.php(326): CodeIgniter\CodeIgniter->handleRequest(NULL, Object(Config\Cache), false)
#8 C:\xampp\htdocs\CI_AcevedoAriel\index.php(37): CodeIgniter\CodeIgniter->run()
#9 {main}
