CRITICAL - 2022-04-26 21:34:20 --> Invalid file: plantillas/encabezado.php
#0 C:\xampp\htdocs\primer_proyecto\system\View\View.php(198): CodeIgniter\Exceptions\FrameworkException::forInvalidFile('plantillas/enca...')
#1 C:\xampp\htdocs\primer_proyecto\system\Common.php(1089): CodeIgniter\View\View->render('plantillas/enca...', Array, true)
#2 C:\xampp\htdocs\primer_proyecto\app\Controllers\Home.php(15): view('plantillas/enca...')
#3 C:\xampp\htdocs\primer_proyecto\system\CodeIgniter.php(832): App\Controllers\Home->principal()
#4 C:\xampp\htdocs\primer_proyecto\system\CodeIgniter.php(419): CodeIgniter\CodeIgniter->runController(Object(App\Controllers\Home))
#5 C:\xampp\htdocs\primer_proyecto\system\CodeIgniter.php(326): CodeIgniter\CodeIgniter->handleRequest(NULL, Object(Config\Cache), false)
#6 C:\xampp\htdocs\primer_proyecto\index.php(37): CodeIgniter\CodeIgniter->run()
#7 {main}
CRITICAL - 2022-04-26 21:36:33 --> Invalid file: plantillas/encabezado.php
#0 C:\xampp\htdocs\primer_proyecto\system\View\View.php(198): CodeIgniter\Exceptions\FrameworkException::forInvalidFile('plantillas/enca...')
#1 C:\xampp\htdocs\primer_proyecto\system\Common.php(1089): CodeIgniter\View\View->render('plantillas/enca...', Array, true)
#2 C:\xampp\htdocs\primer_proyecto\app\Controllers\Home.php(15): view('plantillas/enca...')
#3 C:\xampp\htdocs\primer_proyecto\system\CodeIgniter.php(832): App\Controllers\Home->principal()
#4 C:\xampp\htdocs\primer_proyecto\system\CodeIgniter.php(419): CodeIgniter\CodeIgniter->runController(Object(App\Controllers\Home))
#5 C:\xampp\htdocs\primer_proyecto\system\CodeIgniter.php(326): CodeIgniter\CodeIgniter->handleRequest(NULL, Object(Config\Cache), false)
#6 C:\xampp\htdocs\primer_proyecto\index.php(37): CodeIgniter\CodeIgniter->run()
#7 {main}
CRITICAL - 2022-04-26 21:41:39 --> Invalid file: plantillas/encabezado.php
#0 C:\xampp\htdocs\primer_proyecto\system\View\View.php(198): CodeIgniter\Exceptions\FrameworkException::forInvalidFile('plantillas/enca...')
#1 C:\xampp\htdocs\primer_proyecto\system\Common.php(1089): CodeIgniter\View\View->render('plantillas/enca...', Array, true)
#2 C:\xampp\htdocs\primer_proyecto\app\Controllers\Home.php(15): view('plantillas/enca...')
#3 C:\xampp\htdocs\primer_proyecto\system\CodeIgniter.php(832): App\Controllers\Home->principal()
#4 C:\xampp\htdocs\primer_proyecto\system\CodeIgniter.php(419): CodeIgniter\CodeIgniter->runController(Object(App\Controllers\Home))
#5 C:\xampp\htdocs\primer_proyecto\system\CodeIgniter.php(326): CodeIgniter\CodeIgniter->handleRequest(NULL, Object(Config\Cache), false)
#6 C:\xampp\htdocs\primer_proyecto\index.php(37): CodeIgniter\CodeIgniter->run()
#7 {main}
CRITICAL - 2022-04-26 21:41:40 --> Invalid file: plantillas/encabezado.php
#0 C:\xampp\htdocs\primer_proyecto\system\View\View.php(198): CodeIgniter\Exceptions\FrameworkException::forInvalidFile('plantillas/enca...')
#1 C:\xampp\htdocs\primer_proyecto\system\Common.php(1089): CodeIgniter\View\View->render('plantillas/enca...', Array, true)
#2 C:\xampp\htdocs\primer_proyecto\app\Controllers\Home.php(15): view('plantillas/enca...')
#3 C:\xampp\htdocs\primer_proyecto\system\CodeIgniter.php(832): App\Controllers\Home->principal()
#4 C:\xampp\htdocs\primer_proyecto\system\CodeIgniter.php(419): CodeIgniter\CodeIgniter->runController(Object(App\Controllers\Home))
#5 C:\xampp\htdocs\primer_proyecto\system\CodeIgniter.php(326): CodeIgniter\CodeIgniter->handleRequest(NULL, Object(Config\Cache), false)
#6 C:\xampp\htdocs\primer_proyecto\index.php(37): CodeIgniter\CodeIgniter->run()
#7 {main}
CRITICAL - 2022-04-26 21:44:57 --> Invalid file: plantillas/encabezado.php
#0 C:\xampp\htdocs\primer_proyecto\system\View\View.php(198): CodeIgniter\Exceptions\FrameworkException::forInvalidFile('plantillas/enca...')
#1 C:\xampp\htdocs\primer_proyecto\system\Common.php(1089): CodeIgniter\View\View->render('plantillas/enca...', Array, true)
#2 C:\xampp\htdocs\primer_proyecto\app\Controllers\Home.php(15): view('plantillas/enca...')
#3 C:\xampp\htdocs\primer_proyecto\system\CodeIgniter.php(832): App\Controllers\Home->principal()
#4 C:\xampp\htdocs\primer_proyecto\system\CodeIgniter.php(419): CodeIgniter\CodeIgniter->runController(Object(App\Controllers\Home))
#5 C:\xampp\htdocs\primer_proyecto\system\CodeIgniter.php(326): CodeIgniter\CodeIgniter->handleRequest(NULL, Object(Config\Cache), false)
#6 C:\xampp\htdocs\primer_proyecto\index.php(37): CodeIgniter\CodeIgniter->run()
#7 {main}
CRITICAL - 2022-04-26 21:48:24 --> Invalid file: plantillas/encabezado.php
#0 C:\xampp\htdocs\primer_proyecto\system\View\View.php(198): CodeIgniter\Exceptions\FrameworkException::forInvalidFile('plantillas/enca...')
#1 C:\xampp\htdocs\primer_proyecto\system\Common.php(1089): CodeIgniter\View\View->render('plantillas/enca...', Array, true)
#2 C:\xampp\htdocs\primer_proyecto\app\Controllers\Home.php(15): view('plantillas/enca...')
#3 C:\xampp\htdocs\primer_proyecto\system\CodeIgniter.php(832): App\Controllers\Home->principal()
#4 C:\xampp\htdocs\primer_proyecto\system\CodeIgniter.php(419): CodeIgniter\CodeIgniter->runController(Object(App\Controllers\Home))
#5 C:\xampp\htdocs\primer_proyecto\system\CodeIgniter.php(326): CodeIgniter\CodeIgniter->handleRequest(NULL, Object(Config\Cache), false)
#6 C:\xampp\htdocs\primer_proyecto\index.php(37): CodeIgniter\CodeIgniter->run()
#7 {main}
CRITICAL - 2022-04-26 21:53:13 --> Invalid file: plantillas/encabezado.php
#0 C:\xampp\htdocs\primer_proyecto\system\View\View.php(198): CodeIgniter\Exceptions\FrameworkException::forInvalidFile('plantillas/enca...')
#1 C:\xampp\htdocs\primer_proyecto\system\Common.php(1089): CodeIgniter\View\View->render('plantillas/enca...', Array, true)
#2 C:\xampp\htdocs\primer_proyecto\app\Controllers\Home.php(15): view('plantillas/enca...')
#3 C:\xampp\htdocs\primer_proyecto\system\CodeIgniter.php(832): App\Controllers\Home->principal()
#4 C:\xampp\htdocs\primer_proyecto\system\CodeIgniter.php(419): CodeIgniter\CodeIgniter->runController(Object(App\Controllers\Home))
#5 C:\xampp\htdocs\primer_proyecto\system\CodeIgniter.php(326): CodeIgniter\CodeIgniter->handleRequest(NULL, Object(Config\Cache), false)
#6 C:\xampp\htdocs\primer_proyecto\index.php(37): CodeIgniter\CodeIgniter->run()
#7 {main}
