ERROR - 2022-06-12 00:04:15 --> The cart array must contain a product ID, quantity, price, and name.
CRITICAL - 2022-06-12 00:04:15 -->  route cannot be found while reverse-routing.
#0 C:\xampp\htdocs\CI_AcevedoAriel\system\HTTP\RedirectResponse.php(56): CodeIgniter\HTTP\Exceptions\HTTPException::forInvalidRedirectRoute('')
#1 C:\xampp\htdocs\CI_AcevedoAriel\app\Controllers\carrito_Controller.php(31): CodeIgniter\HTTP\RedirectResponse->route(false)
#2 C:\xampp\htdocs\CI_AcevedoAriel\system\CodeIgniter.php(832): App\Controllers\carrito_Controller->agregarCarrito()
#3 C:\xampp\htdocs\CI_AcevedoAriel\system\CodeIgniter.php(419): CodeIgniter\CodeIgniter->runController(Object(App\Controllers\carrito_Controller))
#4 C:\xampp\htdocs\CI_AcevedoAriel\system\CodeIgniter.php(326): CodeIgniter\CodeIgniter->handleRequest(NULL, Object(Config\Cache), false)
#5 C:\xampp\htdocs\CI_AcevedoAriel\index.php(37): CodeIgniter\CodeIgniter->run()
#6 {main}
ERROR - 2022-06-12 00:10:02 --> The cart array must contain a product ID, quantity, price, and name.
ERROR - 2022-06-12 00:10:22 --> The cart array must contain a product ID, quantity, price, and name.
ERROR - 2022-06-12 00:16:42 --> The cart array must contain a product ID, quantity, price, and name.
ERROR - 2022-06-12 00:17:00 --> The cart array must contain a product ID, quantity, price, and name.
CRITICAL - 2022-06-12 00:17:00 -->  route cannot be found while reverse-routing.
#0 C:\xampp\htdocs\CI_AcevedoAriel\system\HTTP\RedirectResponse.php(56): CodeIgniter\HTTP\Exceptions\HTTPException::forInvalidRedirectRoute('')
#1 C:\xampp\htdocs\CI_AcevedoAriel\app\Controllers\carrito_Controller.php(31): CodeIgniter\HTTP\RedirectResponse->route(false)
#2 C:\xampp\htdocs\CI_AcevedoAriel\system\CodeIgniter.php(832): App\Controllers\carrito_Controller->agregarCarrito()
#3 C:\xampp\htdocs\CI_AcevedoAriel\system\CodeIgniter.php(419): CodeIgniter\CodeIgniter->runController(Object(App\Controllers\carrito_Controller))
#4 C:\xampp\htdocs\CI_AcevedoAriel\system\CodeIgniter.php(326): CodeIgniter\CodeIgniter->handleRequest(NULL, Object(Config\Cache), false)
#5 C:\xampp\htdocs\CI_AcevedoAriel\index.php(37): CodeIgniter\CodeIgniter->run()
#6 {main}
CRITICAL - 2022-06-12 00:20:22 -->  route cannot be found while reverse-routing.
#0 C:\xampp\htdocs\CI_AcevedoAriel\system\HTTP\RedirectResponse.php(56): CodeIgniter\HTTP\Exceptions\HTTPException::forInvalidRedirectRoute('')
#1 C:\xampp\htdocs\CI_AcevedoAriel\app\Controllers\carrito_Controller.php(31): CodeIgniter\HTTP\RedirectResponse->route(false)
#2 C:\xampp\htdocs\CI_AcevedoAriel\system\CodeIgniter.php(832): App\Controllers\carrito_Controller->agregarCarrito()
#3 C:\xampp\htdocs\CI_AcevedoAriel\system\CodeIgniter.php(419): CodeIgniter\CodeIgniter->runController(Object(App\Controllers\carrito_Controller))
#4 C:\xampp\htdocs\CI_AcevedoAriel\system\CodeIgniter.php(326): CodeIgniter\CodeIgniter->handleRequest(NULL, Object(Config\Cache), false)
#5 C:\xampp\htdocs\CI_AcevedoAriel\index.php(37): CodeIgniter\CodeIgniter->run()
#6 {main}
ERROR - 2022-06-12 00:22:47 --> The cart array must contain a product ID, quantity, price, and name.
CRITICAL - 2022-06-12 00:22:47 -->  route cannot be found while reverse-routing.
#0 C:\xampp\htdocs\CI_AcevedoAriel\system\HTTP\RedirectResponse.php(56): CodeIgniter\HTTP\Exceptions\HTTPException::forInvalidRedirectRoute('')
#1 C:\xampp\htdocs\CI_AcevedoAriel\app\Controllers\carrito_Controller.php(31): CodeIgniter\HTTP\RedirectResponse->route(false)
#2 C:\xampp\htdocs\CI_AcevedoAriel\system\CodeIgniter.php(832): App\Controllers\carrito_Controller->agregarCarrito()
#3 C:\xampp\htdocs\CI_AcevedoAriel\system\CodeIgniter.php(419): CodeIgniter\CodeIgniter->runController(Object(App\Controllers\carrito_Controller))
#4 C:\xampp\htdocs\CI_AcevedoAriel\system\CodeIgniter.php(326): CodeIgniter\CodeIgniter->handleRequest(NULL, Object(Config\Cache), false)
#5 C:\xampp\htdocs\CI_AcevedoAriel\index.php(37): CodeIgniter\CodeIgniter->run()
#6 {main}
ERROR - 2022-06-12 00:23:18 --> The cart array must contain a product ID, quantity, price, and name.
CRITICAL - 2022-06-12 00:23:18 -->  route cannot be found while reverse-routing.
#0 C:\xampp\htdocs\CI_AcevedoAriel\system\HTTP\RedirectResponse.php(56): CodeIgniter\HTTP\Exceptions\HTTPException::forInvalidRedirectRoute('')
#1 C:\xampp\htdocs\CI_AcevedoAriel\app\Controllers\carrito_Controller.php(31): CodeIgniter\HTTP\RedirectResponse->route(false)
#2 C:\xampp\htdocs\CI_AcevedoAriel\system\CodeIgniter.php(832): App\Controllers\carrito_Controller->agregarCarrito()
#3 C:\xampp\htdocs\CI_AcevedoAriel\system\CodeIgniter.php(419): CodeIgniter\CodeIgniter->runController(Object(App\Controllers\carrito_Controller))
#4 C:\xampp\htdocs\CI_AcevedoAriel\system\CodeIgniter.php(326): CodeIgniter\CodeIgniter->handleRequest(NULL, Object(Config\Cache), false)
#5 C:\xampp\htdocs\CI_AcevedoAriel\index.php(37): CodeIgniter\CodeIgniter->run()
#6 {main}
ERROR - 2022-06-12 00:24:12 --> The cart array must contain a product ID, quantity, price, and name.
ERROR - 2022-06-12 00:29:31 --> The cart array must contain a product ID, quantity, price, and name.
ERROR - 2022-06-12 00:29:39 --> The cart array must contain a product ID, quantity, price, and name.
CRITICAL - 2022-06-12 00:32:14 --> Undefined index: subTotal
#0 C:\xampp\htdocs\CI_AcevedoAriel\app\Views\backEnd\carrito_view.php(32): CodeIgniter\Debug\Exceptions->errorHandler(8, 'Undefined index...', 'C:\\xampp\\htdocs...', 32, Array)
#1 C:\xampp\htdocs\CI_AcevedoAriel\system\View\View.php(210): include('C:\\xampp\\htdocs...')
#2 C:\xampp\htdocs\CI_AcevedoAriel\system\View\View.php(213): CodeIgniter\View\View->CodeIgniter\View\{closure}()
#3 C:\xampp\htdocs\CI_AcevedoAriel\system\Common.php(1089): CodeIgniter\View\View->render('backEnd/carrito...', Array, true)
#4 C:\xampp\htdocs\CI_AcevedoAriel\app\Controllers\carrito_Controller.php(15): view('backEnd/carrito...')
#5 C:\xampp\htdocs\CI_AcevedoAriel\system\CodeIgniter.php(832): App\Controllers\carrito_Controller->verCarrito()
#6 C:\xampp\htdocs\CI_AcevedoAriel\system\CodeIgniter.php(419): CodeIgniter\CodeIgniter->runController(Object(App\Controllers\carrito_Controller))
#7 C:\xampp\htdocs\CI_AcevedoAriel\system\CodeIgniter.php(326): CodeIgniter\CodeIgniter->handleRequest(NULL, Object(Config\Cache), false)
#8 C:\xampp\htdocs\CI_AcevedoAriel\index.php(37): CodeIgniter\CodeIgniter->run()
#9 {main}
CRITICAL - 2022-06-12 00:34:48 -->  route cannot be found while reverse-routing.
#0 C:\xampp\htdocs\CI_AcevedoAriel\system\HTTP\RedirectResponse.php(56): CodeIgniter\HTTP\Exceptions\HTTPException::forInvalidRedirectRoute('')
#1 C:\xampp\htdocs\CI_AcevedoAriel\app\Controllers\carrito_Controller.php(46): CodeIgniter\HTTP\RedirectResponse->route(false)
#2 C:\xampp\htdocs\CI_AcevedoAriel\system\CodeIgniter.php(832): App\Controllers\carrito_Controller->borrar('c51ce410c124a10...')
#3 C:\xampp\htdocs\CI_AcevedoAriel\system\CodeIgniter.php(419): CodeIgniter\CodeIgniter->runController(Object(App\Controllers\carrito_Controller))
#4 C:\xampp\htdocs\CI_AcevedoAriel\system\CodeIgniter.php(326): CodeIgniter\CodeIgniter->handleRequest(NULL, Object(Config\Cache), false)
#5 C:\xampp\htdocs\CI_AcevedoAriel\index.php(37): CodeIgniter\CodeIgniter->run()
#6 {main}
CRITICAL - 2022-06-12 00:54:19 -->  route cannot be found while reverse-routing.
#0 C:\xampp\htdocs\CI_AcevedoAriel\system\HTTP\RedirectResponse.php(56): CodeIgniter\HTTP\Exceptions\HTTPException::forInvalidRedirectRoute('')
#1 C:\xampp\htdocs\CI_AcevedoAriel\app\Controllers\carrito_Controller.php(46): CodeIgniter\HTTP\RedirectResponse->route(false)
#2 C:\xampp\htdocs\CI_AcevedoAriel\system\CodeIgniter.php(832): App\Controllers\carrito_Controller->borrar('c20ad4d76fe9775...')
#3 C:\xampp\htdocs\CI_AcevedoAriel\system\CodeIgniter.php(419): CodeIgniter\CodeIgniter->runController(Object(App\Controllers\carrito_Controller))
#4 C:\xampp\htdocs\CI_AcevedoAriel\system\CodeIgniter.php(326): CodeIgniter\CodeIgniter->handleRequest(NULL, Object(Config\Cache), false)
#5 C:\xampp\htdocs\CI_AcevedoAriel\index.php(37): CodeIgniter\CodeIgniter->run()
#6 {main}
CRITICAL - 2022-06-12 01:24:38 --> Too few arguments to function App\Controllers\Home::productos_cat(), 0 passed in C:\xampp\htdocs\CI_AcevedoAriel\system\CodeIgniter.php on line 832 and exactly 1 expected
#0 C:\xampp\htdocs\CI_AcevedoAriel\system\CodeIgniter.php(832): App\Controllers\Home->productos_cat()
#1 C:\xampp\htdocs\CI_AcevedoAriel\system\CodeIgniter.php(419): CodeIgniter\CodeIgniter->runController(Object(App\Controllers\Home))
#2 C:\xampp\htdocs\CI_AcevedoAriel\system\CodeIgniter.php(326): CodeIgniter\CodeIgniter->handleRequest(NULL, Object(Config\Cache), false)
#3 C:\xampp\htdocs\CI_AcevedoAriel\index.php(37): CodeIgniter\CodeIgniter->run()
#4 {main}
CRITICAL - 2022-06-12 01:25:03 --> Too few arguments to function App\Controllers\Home::productos_cat(), 0 passed in C:\xampp\htdocs\CI_AcevedoAriel\system\CodeIgniter.php on line 832 and exactly 1 expected
#0 C:\xampp\htdocs\CI_AcevedoAriel\system\CodeIgniter.php(832): App\Controllers\Home->productos_cat()
#1 C:\xampp\htdocs\CI_AcevedoAriel\system\CodeIgniter.php(419): CodeIgniter\CodeIgniter->runController(Object(App\Controllers\Home))
#2 C:\xampp\htdocs\CI_AcevedoAriel\system\CodeIgniter.php(326): CodeIgniter\CodeIgniter->handleRequest(NULL, Object(Config\Cache), false)
#3 C:\xampp\htdocs\CI_AcevedoAriel\index.php(37): CodeIgniter\CodeIgniter->run()
#4 {main}
CRITICAL - 2022-06-12 01:25:54 --> Too few arguments to function App\Controllers\Home::productos_cat(), 0 passed in C:\xampp\htdocs\CI_AcevedoAriel\system\CodeIgniter.php on line 832 and exactly 1 expected
#0 C:\xampp\htdocs\CI_AcevedoAriel\system\CodeIgniter.php(832): App\Controllers\Home->productos_cat()
#1 C:\xampp\htdocs\CI_AcevedoAriel\system\CodeIgniter.php(419): CodeIgniter\CodeIgniter->runController(Object(App\Controllers\Home))
#2 C:\xampp\htdocs\CI_AcevedoAriel\system\CodeIgniter.php(326): CodeIgniter\CodeIgniter->handleRequest(NULL, Object(Config\Cache), false)
#3 C:\xampp\htdocs\CI_AcevedoAriel\index.php(37): CodeIgniter\CodeIgniter->run()
#4 {main}
CRITICAL - 2022-06-12 01:28:51 --> Undefined variable: producto
#0 C:\xampp\htdocs\CI_AcevedoAriel\app\Views\backEnd\carrito_view.php(14): CodeIgniter\Debug\Exceptions->errorHandler(8, 'Undefined varia...', 'C:\\xampp\\htdocs...', 14, Array)
#1 C:\xampp\htdocs\CI_AcevedoAriel\system\View\View.php(210): include('C:\\xampp\\htdocs...')
#2 C:\xampp\htdocs\CI_AcevedoAriel\system\View\View.php(213): CodeIgniter\View\View->CodeIgniter\View\{closure}()
#3 C:\xampp\htdocs\CI_AcevedoAriel\system\Common.php(1089): CodeIgniter\View\View->render('backEnd/carrito...', Array, true)
#4 C:\xampp\htdocs\CI_AcevedoAriel\app\Controllers\carrito_Controller.php(15): view('backEnd/carrito...')
#5 C:\xampp\htdocs\CI_AcevedoAriel\system\CodeIgniter.php(832): App\Controllers\carrito_Controller->verCarrito()
#6 C:\xampp\htdocs\CI_AcevedoAriel\system\CodeIgniter.php(419): CodeIgniter\CodeIgniter->runController(Object(App\Controllers\carrito_Controller))
#7 C:\xampp\htdocs\CI_AcevedoAriel\system\CodeIgniter.php(326): CodeIgniter\CodeIgniter->handleRequest(NULL, Object(Config\Cache), false)
#8 C:\xampp\htdocs\CI_AcevedoAriel\index.php(37): CodeIgniter\CodeIgniter->run()
#9 {main}
CRITICAL - 2022-06-12 01:31:03 --> Too few arguments to function App\Controllers\Home::productos_cat(), 0 passed in C:\xampp\htdocs\CI_AcevedoAriel\system\CodeIgniter.php on line 832 and exactly 1 expected
#0 C:\xampp\htdocs\CI_AcevedoAriel\system\CodeIgniter.php(832): App\Controllers\Home->productos_cat()
#1 C:\xampp\htdocs\CI_AcevedoAriel\system\CodeIgniter.php(419): CodeIgniter\CodeIgniter->runController(Object(App\Controllers\Home))
#2 C:\xampp\htdocs\CI_AcevedoAriel\system\CodeIgniter.php(326): CodeIgniter\CodeIgniter->handleRequest(NULL, Object(Config\Cache), false)
#3 C:\xampp\htdocs\CI_AcevedoAriel\index.php(37): CodeIgniter\CodeIgniter->run()
#4 {main}
CRITICAL - 2022-06-12 17:15:58 --> Too few arguments to function App\Controllers\Home::productos_cat(), 0 passed in C:\xampp\htdocs\CI_AcevedoAriel\system\CodeIgniter.php on line 832 and exactly 1 expected
#0 C:\xampp\htdocs\CI_AcevedoAriel\system\CodeIgniter.php(832): App\Controllers\Home->productos_cat()
#1 C:\xampp\htdocs\CI_AcevedoAriel\system\CodeIgniter.php(419): CodeIgniter\CodeIgniter->runController(Object(App\Controllers\Home))
#2 C:\xampp\htdocs\CI_AcevedoAriel\system\CodeIgniter.php(326): CodeIgniter\CodeIgniter->handleRequest(NULL, Object(Config\Cache), false)
#3 C:\xampp\htdocs\CI_AcevedoAriel\index.php(37): CodeIgniter\CodeIgniter->run()
#4 {main}
