CRITICAL - 2022-06-06 13:07:13 --> Undefined variable: img
#0 C:\xampp\htdocs\CI_AcevedoAriel\app\Controllers\Producto_Controller.php(124): CodeIgniter\Debug\Exceptions->errorHandler(8, 'Undefined varia...', 'C:\\xampp\\htdocs...', 124, Array)
#1 C:\xampp\htdocs\CI_AcevedoAriel\system\CodeIgniter.php(832): App\Controllers\Producto_Controller->actualizar_producto()
#2 C:\xampp\htdocs\CI_AcevedoAriel\system\CodeIgniter.php(419): CodeIgniter\CodeIgniter->runController(Object(App\Controllers\Producto_Controller))
#3 C:\xampp\htdocs\CI_AcevedoAriel\system\CodeIgniter.php(326): CodeIgniter\CodeIgniter->handleRequest(NULL, Object(Config\Cache), false)
#4 C:\xampp\htdocs\CI_AcevedoAriel\index.php(37): CodeIgniter\CodeIgniter->run()
#5 {main}
CRITICAL - 2022-06-06 13:26:12 --> Invalid file: plantillas/nav_admi.php
#0 C:\xampp\htdocs\CI_AcevedoAriel\system\View\View.php(198): CodeIgniter\Exceptions\FrameworkException::forInvalidFile('plantillas/nav_...')
#1 C:\xampp\htdocs\CI_AcevedoAriel\system\Common.php(1089): CodeIgniter\View\View->render('plantillas/nav_...', Array, true)
#2 C:\xampp\htdocs\CI_AcevedoAriel\app\Controllers\Producto_Controller.php(110): view('plantillas/nav_...')
#3 C:\xampp\htdocs\CI_AcevedoAriel\system\CodeIgniter.php(832): App\Controllers\Producto_Controller->listar_productos()
#4 C:\xampp\htdocs\CI_AcevedoAriel\system\CodeIgniter.php(419): CodeIgniter\CodeIgniter->runController(Object(App\Controllers\Producto_Controller))
#5 C:\xampp\htdocs\CI_AcevedoAriel\system\CodeIgniter.php(326): CodeIgniter\CodeIgniter->handleRequest(NULL, Object(Config\Cache), false)
#6 C:\xampp\htdocs\CI_AcevedoAriel\index.php(37): CodeIgniter\CodeIgniter->run()
#7 {main}
CRITICAL - 2022-06-06 13:26:39 --> Invalid file: backEnd/producto//lista_productos_view.php
#0 C:\xampp\htdocs\CI_AcevedoAriel\system\View\View.php(198): CodeIgniter\Exceptions\FrameworkException::forInvalidFile('backEnd/product...')
#1 C:\xampp\htdocs\CI_AcevedoAriel\system\Common.php(1089): CodeIgniter\View\View->render('backEnd/product...', Array, true)
#2 C:\xampp\htdocs\CI_AcevedoAriel\app\Controllers\Producto_Controller.php(111): view('backEnd/product...')
#3 C:\xampp\htdocs\CI_AcevedoAriel\system\CodeIgniter.php(832): App\Controllers\Producto_Controller->listar_productos()
#4 C:\xampp\htdocs\CI_AcevedoAriel\system\CodeIgniter.php(419): CodeIgniter\CodeIgniter->runController(Object(App\Controllers\Producto_Controller))
#5 C:\xampp\htdocs\CI_AcevedoAriel\system\CodeIgniter.php(326): CodeIgniter\CodeIgniter->handleRequest(NULL, Object(Config\Cache), false)
#6 C:\xampp\htdocs\CI_AcevedoAriel\index.php(37): CodeIgniter\CodeIgniter->run()
#7 {main}
CRITICAL - 2022-06-06 13:27:01 --> syntax error, unexpected end of file
#0 C:\xampp\htdocs\CI_AcevedoAriel\system\View\View.php(213): CodeIgniter\View\View->CodeIgniter\View\{closure}()
#1 C:\xampp\htdocs\CI_AcevedoAriel\system\Common.php(1089): CodeIgniter\View\View->render('backEnd/product...', Array, true)
#2 C:\xampp\htdocs\CI_AcevedoAriel\app\Controllers\Producto_Controller.php(111): view('backEnd/product...')
#3 C:\xampp\htdocs\CI_AcevedoAriel\system\CodeIgniter.php(832): App\Controllers\Producto_Controller->listar_productos()
#4 C:\xampp\htdocs\CI_AcevedoAriel\system\CodeIgniter.php(419): CodeIgniter\CodeIgniter->runController(Object(App\Controllers\Producto_Controller))
#5 C:\xampp\htdocs\CI_AcevedoAriel\system\CodeIgniter.php(326): CodeIgniter\CodeIgniter->handleRequest(NULL, Object(Config\Cache), false)
#6 C:\xampp\htdocs\CI_AcevedoAriel\index.php(37): CodeIgniter\CodeIgniter->run()
#7 {main}
CRITICAL - 2022-06-06 13:29:22 --> syntax error, unexpected end of file
#0 C:\xampp\htdocs\CI_AcevedoAriel\system\View\View.php(213): CodeIgniter\View\View->CodeIgniter\View\{closure}()
#1 C:\xampp\htdocs\CI_AcevedoAriel\system\Common.php(1089): CodeIgniter\View\View->render('backEnd/product...', Array, true)
#2 C:\xampp\htdocs\CI_AcevedoAriel\app\Controllers\Producto_Controller.php(111): view('backEnd/product...')
#3 C:\xampp\htdocs\CI_AcevedoAriel\system\CodeIgniter.php(832): App\Controllers\Producto_Controller->listar_productos()
#4 C:\xampp\htdocs\CI_AcevedoAriel\system\CodeIgniter.php(419): CodeIgniter\CodeIgniter->runController(Object(App\Controllers\Producto_Controller))
#5 C:\xampp\htdocs\CI_AcevedoAriel\system\CodeIgniter.php(326): CodeIgniter\CodeIgniter->handleRequest(NULL, Object(Config\Cache), false)
#6 C:\xampp\htdocs\CI_AcevedoAriel\index.php(37): CodeIgniter\CodeIgniter->run()
#7 {main}
CRITICAL - 2022-06-06 14:20:24 --> Undefined index: nombre
#0 C:\xampp\htdocs\CI_AcevedoAriel\app\Views\backEnd\producto\editar_producto_view.php(12): CodeIgniter\Debug\Exceptions->errorHandler(8, 'Undefined index...', 'C:\\xampp\\htdocs...', 12, Array)
#1 C:\xampp\htdocs\CI_AcevedoAriel\system\View\View.php(210): include('C:\\xampp\\htdocs...')
#2 C:\xampp\htdocs\CI_AcevedoAriel\system\View\View.php(213): CodeIgniter\View\View->CodeIgniter\View\{closure}()
#3 C:\xampp\htdocs\CI_AcevedoAriel\system\Common.php(1089): CodeIgniter\View\View->render('backEnd/product...', Array, true)
#4 C:\xampp\htdocs\CI_AcevedoAriel\app\Controllers\Producto_Controller.php(122): view('backEnd/product...')
#5 C:\xampp\htdocs\CI_AcevedoAriel\system\CodeIgniter.php(832): App\Controllers\Producto_Controller->editar_producto('9')
#6 C:\xampp\htdocs\CI_AcevedoAriel\system\CodeIgniter.php(419): CodeIgniter\CodeIgniter->runController(Object(App\Controllers\Producto_Controller))
#7 C:\xampp\htdocs\CI_AcevedoAriel\system\CodeIgniter.php(326): CodeIgniter\CodeIgniter->handleRequest(NULL, Object(Config\Cache), false)
#8 C:\xampp\htdocs\CI_AcevedoAriel\index.php(37): CodeIgniter\CodeIgniter->run()
#9 {main}
CRITICAL - 2022-06-06 15:00:24 --> syntax error, unexpected end of file
#0 C:\xampp\htdocs\CI_AcevedoAriel\system\View\View.php(213): CodeIgniter\View\View->CodeIgniter\View\{closure}()
#1 C:\xampp\htdocs\CI_AcevedoAriel\system\Common.php(1089): CodeIgniter\View\View->render('contenidos/inic...', Array, true)
#2 C:\xampp\htdocs\CI_AcevedoAriel\app\Controllers\Usuario_controller.php(115): view('contenidos/inic...')
#3 C:\xampp\htdocs\CI_AcevedoAriel\system\CodeIgniter.php(832): App\Controllers\Usuario_controller->ver_login()
#4 C:\xampp\htdocs\CI_AcevedoAriel\system\CodeIgniter.php(419): CodeIgniter\CodeIgniter->runController(Object(App\Controllers\Usuario_controller))
#5 C:\xampp\htdocs\CI_AcevedoAriel\system\CodeIgniter.php(326): CodeIgniter\CodeIgniter->handleRequest(NULL, Object(Config\Cache), false)
#6 C:\xampp\htdocs\CI_AcevedoAriel\index.php(37): CodeIgniter\CodeIgniter->run()
#7 {main}
CRITICAL - 2022-06-06 15:01:12 --> syntax error, unexpected end of file
#0 C:\xampp\htdocs\CI_AcevedoAriel\system\View\View.php(213): CodeIgniter\View\View->CodeIgniter\View\{closure}()
#1 C:\xampp\htdocs\CI_AcevedoAriel\system\Common.php(1089): CodeIgniter\View\View->render('contenidos/inic...', Array, true)
#2 C:\xampp\htdocs\CI_AcevedoAriel\app\Controllers\Usuario_controller.php(115): view('contenidos/inic...')
#3 C:\xampp\htdocs\CI_AcevedoAriel\system\CodeIgniter.php(832): App\Controllers\Usuario_controller->ver_login()
#4 C:\xampp\htdocs\CI_AcevedoAriel\system\CodeIgniter.php(419): CodeIgniter\CodeIgniter->runController(Object(App\Controllers\Usuario_controller))
#5 C:\xampp\htdocs\CI_AcevedoAriel\system\CodeIgniter.php(326): CodeIgniter\CodeIgniter->handleRequest(NULL, Object(Config\Cache), false)
#6 C:\xampp\htdocs\CI_AcevedoAriel\index.php(37): CodeIgniter\CodeIgniter->run()
#7 {main}
