CRITICAL - 2022-06-01 17:50:23 --> Undefined variable: producto_Model
#0 C:\xampp\htdocs\CI_AcevedoAriel\app\Controllers\Producto_Controller.php(96): CodeIgniter\Debug\Exceptions->errorHandler(8, 'Undefined varia...', 'C:\\xampp\\htdocs...', 96, Array)
#1 C:\xampp\htdocs\CI_AcevedoAriel\system\CodeIgniter.php(832): App\Controllers\Producto_Controller->gestionar_productos()
#2 C:\xampp\htdocs\CI_AcevedoAriel\system\CodeIgniter.php(419): CodeIgniter\CodeIgniter->runController(Object(App\Controllers\Producto_Controller))
#3 C:\xampp\htdocs\CI_AcevedoAriel\system\CodeIgniter.php(326): CodeIgniter\CodeIgniter->handleRequest(NULL, Object(Config\Cache), false)
#4 C:\xampp\htdocs\CI_AcevedoAriel\index.php(37): CodeIgniter\CodeIgniter->run()
#5 {main}
CRITICAL - 2022-06-01 17:57:20 --> syntax error, unexpected ''producto_estado'' (T_CONSTANT_ENCAPSED_STRING), expecting ']'
#0 C:\xampp\htdocs\CI_AcevedoAriel\system\Autoloader\Autoloader.php(241): CodeIgniter\Autoloader\Autoloader->includeFile('C:\\xampp\\htdocs...')
#1 C:\xampp\htdocs\CI_AcevedoAriel\system\Autoloader\Autoloader.php(219): CodeIgniter\Autoloader\Autoloader->loadInNamespace('App\\Controllers...')
#2 [internal function]: CodeIgniter\Autoloader\Autoloader->loadClass('App\\Controllers...')
#3 [internal function]: spl_autoload_call('App\\Controllers...')
#4 C:\xampp\htdocs\CI_AcevedoAriel\system\CodeIgniter.php(797): class_exists('\\App\\Controller...', true)
#5 C:\xampp\htdocs\CI_AcevedoAriel\system\CodeIgniter.php(406): CodeIgniter\CodeIgniter->startController()
#6 C:\xampp\htdocs\CI_AcevedoAriel\system\CodeIgniter.php(326): CodeIgniter\CodeIgniter->handleRequest(NULL, Object(Config\Cache), false)
#7 C:\xampp\htdocs\CI_AcevedoAriel\index.php(37): CodeIgniter\CodeIgniter->run()
#8 {main}
CRITICAL - 2022-06-01 17:57:59 --> Undefined variable: producto_Model
#0 C:\xampp\htdocs\CI_AcevedoAriel\app\Controllers\Producto_Controller.php(96): CodeIgniter\Debug\Exceptions->errorHandler(8, 'Undefined varia...', 'C:\\xampp\\htdocs...', 96, Array)
#1 C:\xampp\htdocs\CI_AcevedoAriel\system\CodeIgniter.php(832): App\Controllers\Producto_Controller->gestionar_productos()
#2 C:\xampp\htdocs\CI_AcevedoAriel\system\CodeIgniter.php(419): CodeIgniter\CodeIgniter->runController(Object(App\Controllers\Producto_Controller))
#3 C:\xampp\htdocs\CI_AcevedoAriel\system\CodeIgniter.php(326): CodeIgniter\CodeIgniter->handleRequest(NULL, Object(Config\Cache), false)
#4 C:\xampp\htdocs\CI_AcevedoAriel\index.php(37): CodeIgniter\CodeIgniter->run()
#5 {main}
CRITICAL - 2022-06-01 18:52:34 --> syntax error, unexpected 'echo' (T_ECHO)
#0 C:\xampp\htdocs\CI_AcevedoAriel\system\Autoloader\Autoloader.php(241): CodeIgniter\Autoloader\Autoloader->includeFile('C:\\xampp\\htdocs...')
#1 C:\xampp\htdocs\CI_AcevedoAriel\system\Autoloader\Autoloader.php(219): CodeIgniter\Autoloader\Autoloader->loadInNamespace('App\\Controllers...')
#2 [internal function]: CodeIgniter\Autoloader\Autoloader->loadClass('App\\Controllers...')
#3 [internal function]: spl_autoload_call('App\\Controllers...')
#4 C:\xampp\htdocs\CI_AcevedoAriel\system\CodeIgniter.php(797): class_exists('\\App\\Controller...', true)
#5 C:\xampp\htdocs\CI_AcevedoAriel\system\CodeIgniter.php(406): CodeIgniter\CodeIgniter->startController()
#6 C:\xampp\htdocs\CI_AcevedoAriel\system\CodeIgniter.php(326): CodeIgniter\CodeIgniter->handleRequest(NULL, Object(Config\Cache), false)
#7 C:\xampp\htdocs\CI_AcevedoAriel\index.php(37): CodeIgniter\CodeIgniter->run()
#8 {main}
CRITICAL - 2022-06-01 18:53:01 --> syntax error, unexpected 'echo' (T_ECHO)
#0 C:\xampp\htdocs\CI_AcevedoAriel\system\Autoloader\Autoloader.php(241): CodeIgniter\Autoloader\Autoloader->includeFile('C:\\xampp\\htdocs...')
#1 C:\xampp\htdocs\CI_AcevedoAriel\system\Autoloader\Autoloader.php(219): CodeIgniter\Autoloader\Autoloader->loadInNamespace('App\\Controllers...')
#2 [internal function]: CodeIgniter\Autoloader\Autoloader->loadClass('App\\Controllers...')
#3 [internal function]: spl_autoload_call('App\\Controllers...')
#4 C:\xampp\htdocs\CI_AcevedoAriel\system\CodeIgniter.php(797): class_exists('\\App\\Controller...', true)
#5 C:\xampp\htdocs\CI_AcevedoAriel\system\CodeIgniter.php(406): CodeIgniter\CodeIgniter->startController()
#6 C:\xampp\htdocs\CI_AcevedoAriel\system\CodeIgniter.php(326): CodeIgniter\CodeIgniter->handleRequest(NULL, Object(Config\Cache), false)
#7 C:\xampp\htdocs\CI_AcevedoAriel\index.php(37): CodeIgniter\CodeIgniter->run()
#8 {main}
CRITICAL - 2022-06-01 19:03:13 --> Undefined variable: producto_Model
#0 C:\xampp\htdocs\CI_AcevedoAriel\app\Controllers\Producto_Controller.php(96): CodeIgniter\Debug\Exceptions->errorHandler(8, 'Undefined varia...', 'C:\\xampp\\htdocs...', 96, Array)
#1 C:\xampp\htdocs\CI_AcevedoAriel\system\CodeIgniter.php(832): App\Controllers\Producto_Controller->gestionar_productos()
#2 C:\xampp\htdocs\CI_AcevedoAriel\system\CodeIgniter.php(419): CodeIgniter\CodeIgniter->runController(Object(App\Controllers\Producto_Controller))
#3 C:\xampp\htdocs\CI_AcevedoAriel\system\CodeIgniter.php(326): CodeIgniter\CodeIgniter->handleRequest(NULL, Object(Config\Cache), false)
#4 C:\xampp\htdocs\CI_AcevedoAriel\index.php(37): CodeIgniter\CodeIgniter->run()
#5 {main}
CRITICAL - 2022-06-01 19:15:16 --> syntax error, unexpected 'ass' (T_STRING)
#0 C:\xampp\htdocs\CI_AcevedoAriel\system\View\View.php(213): CodeIgniter\View\View->CodeIgniter\View\{closure}()
#1 C:\xampp\htdocs\CI_AcevedoAriel\system\Common.php(1089): CodeIgniter\View\View->render('backEnd/product...', Array, true)
#2 C:\xampp\htdocs\CI_AcevedoAriel\app\Controllers\Producto_Controller.php(100): view('backEnd/product...')
#3 C:\xampp\htdocs\CI_AcevedoAriel\system\CodeIgniter.php(832): App\Controllers\Producto_Controller->gestionar_productos()
#4 C:\xampp\htdocs\CI_AcevedoAriel\system\CodeIgniter.php(419): CodeIgniter\CodeIgniter->runController(Object(App\Controllers\Producto_Controller))
#5 C:\xampp\htdocs\CI_AcevedoAriel\system\CodeIgniter.php(326): CodeIgniter\CodeIgniter->handleRequest(NULL, Object(Config\Cache), false)
#6 C:\xampp\htdocs\CI_AcevedoAriel\index.php(37): CodeIgniter\CodeIgniter->run()
#7 {main}
CRITICAL - 2022-06-01 19:15:41 --> syntax error, unexpected end of file
#0 C:\xampp\htdocs\CI_AcevedoAriel\system\View\View.php(213): CodeIgniter\View\View->CodeIgniter\View\{closure}()
#1 C:\xampp\htdocs\CI_AcevedoAriel\system\Common.php(1089): CodeIgniter\View\View->render('backEnd/product...', Array, true)
#2 C:\xampp\htdocs\CI_AcevedoAriel\app\Controllers\Producto_Controller.php(100): view('backEnd/product...')
#3 C:\xampp\htdocs\CI_AcevedoAriel\system\CodeIgniter.php(832): App\Controllers\Producto_Controller->gestionar_productos()
#4 C:\xampp\htdocs\CI_AcevedoAriel\system\CodeIgniter.php(419): CodeIgniter\CodeIgniter->runController(Object(App\Controllers\Producto_Controller))
#5 C:\xampp\htdocs\CI_AcevedoAriel\system\CodeIgniter.php(326): CodeIgniter\CodeIgniter->handleRequest(NULL, Object(Config\Cache), false)
#6 C:\xampp\htdocs\CI_AcevedoAriel\index.php(37): CodeIgniter\CodeIgniter->run()
#7 {main}
CRITICAL - 2022-06-01 19:19:37 --> syntax error, unexpected end of file
#0 C:\xampp\htdocs\CI_AcevedoAriel\system\View\View.php(213): CodeIgniter\View\View->CodeIgniter\View\{closure}()
#1 C:\xampp\htdocs\CI_AcevedoAriel\system\Common.php(1089): CodeIgniter\View\View->render('backEnd/product...', Array, true)
#2 C:\xampp\htdocs\CI_AcevedoAriel\app\Controllers\Producto_Controller.php(100): view('backEnd/product...')
#3 C:\xampp\htdocs\CI_AcevedoAriel\system\CodeIgniter.php(832): App\Controllers\Producto_Controller->gestionar_productos()
#4 C:\xampp\htdocs\CI_AcevedoAriel\system\CodeIgniter.php(419): CodeIgniter\CodeIgniter->runController(Object(App\Controllers\Producto_Controller))
#5 C:\xampp\htdocs\CI_AcevedoAriel\system\CodeIgniter.php(326): CodeIgniter\CodeIgniter->handleRequest(NULL, Object(Config\Cache), false)
#6 C:\xampp\htdocs\CI_AcevedoAriel\index.php(37): CodeIgniter\CodeIgniter->run()
#7 {main}
CRITICAL - 2022-06-01 19:20:13 --> syntax error, unexpected end of file
#0 C:\xampp\htdocs\CI_AcevedoAriel\system\View\View.php(213): CodeIgniter\View\View->CodeIgniter\View\{closure}()
#1 C:\xampp\htdocs\CI_AcevedoAriel\system\Common.php(1089): CodeIgniter\View\View->render('backEnd/product...', Array, true)
#2 C:\xampp\htdocs\CI_AcevedoAriel\app\Controllers\Producto_Controller.php(100): view('backEnd/product...')
#3 C:\xampp\htdocs\CI_AcevedoAriel\system\CodeIgniter.php(832): App\Controllers\Producto_Controller->gestionar_productos()
#4 C:\xampp\htdocs\CI_AcevedoAriel\system\CodeIgniter.php(419): CodeIgniter\CodeIgniter->runController(Object(App\Controllers\Producto_Controller))
#5 C:\xampp\htdocs\CI_AcevedoAriel\system\CodeIgniter.php(326): CodeIgniter\CodeIgniter->handleRequest(NULL, Object(Config\Cache), false)
#6 C:\xampp\htdocs\CI_AcevedoAriel\index.php(37): CodeIgniter\CodeIgniter->run()
#7 {main}
CRITICAL - 2022-06-01 19:24:39 --> syntax error, unexpected end of file
#0 C:\xampp\htdocs\CI_AcevedoAriel\system\View\View.php(213): CodeIgniter\View\View->CodeIgniter\View\{closure}()
#1 C:\xampp\htdocs\CI_AcevedoAriel\system\Common.php(1089): CodeIgniter\View\View->render('backEnd/product...', Array, true)
#2 C:\xampp\htdocs\CI_AcevedoAriel\app\Controllers\Producto_Controller.php(100): view('backEnd/product...')
#3 C:\xampp\htdocs\CI_AcevedoAriel\system\CodeIgniter.php(832): App\Controllers\Producto_Controller->gestionar_productos()
#4 C:\xampp\htdocs\CI_AcevedoAriel\system\CodeIgniter.php(419): CodeIgniter\CodeIgniter->runController(Object(App\Controllers\Producto_Controller))
#5 C:\xampp\htdocs\CI_AcevedoAriel\system\CodeIgniter.php(326): CodeIgniter\CodeIgniter->handleRequest(NULL, Object(Config\Cache), false)
#6 C:\xampp\htdocs\CI_AcevedoAriel\index.php(37): CodeIgniter\CodeIgniter->run()
#7 {main}
CRITICAL - 2022-06-01 19:26:53 --> syntax error, unexpected end of file
#0 C:\xampp\htdocs\CI_AcevedoAriel\system\View\View.php(213): CodeIgniter\View\View->CodeIgniter\View\{closure}()
#1 C:\xampp\htdocs\CI_AcevedoAriel\system\Common.php(1089): CodeIgniter\View\View->render('backEnd/product...', Array, true)
#2 C:\xampp\htdocs\CI_AcevedoAriel\app\Controllers\Producto_Controller.php(100): view('backEnd/product...')
#3 C:\xampp\htdocs\CI_AcevedoAriel\system\CodeIgniter.php(832): App\Controllers\Producto_Controller->gestionar_productos()
#4 C:\xampp\htdocs\CI_AcevedoAriel\system\CodeIgniter.php(419): CodeIgniter\CodeIgniter->runController(Object(App\Controllers\Producto_Controller))
#5 C:\xampp\htdocs\CI_AcevedoAriel\system\CodeIgniter.php(326): CodeIgniter\CodeIgniter->handleRequest(NULL, Object(Config\Cache), false)
#6 C:\xampp\htdocs\CI_AcevedoAriel\index.php(37): CodeIgniter\CodeIgniter->run()
#7 {main}
CRITICAL - 2022-06-01 19:28:01 --> syntax error, unexpected end of file
#0 C:\xampp\htdocs\CI_AcevedoAriel\system\View\View.php(213): CodeIgniter\View\View->CodeIgniter\View\{closure}()
#1 C:\xampp\htdocs\CI_AcevedoAriel\system\Common.php(1089): CodeIgniter\View\View->render('backEnd/product...', Array, true)
#2 C:\xampp\htdocs\CI_AcevedoAriel\app\Controllers\Producto_Controller.php(100): view('backEnd/product...')
#3 C:\xampp\htdocs\CI_AcevedoAriel\system\CodeIgniter.php(832): App\Controllers\Producto_Controller->gestionar_productos()
#4 C:\xampp\htdocs\CI_AcevedoAriel\system\CodeIgniter.php(419): CodeIgniter\CodeIgniter->runController(Object(App\Controllers\Producto_Controller))
#5 C:\xampp\htdocs\CI_AcevedoAriel\system\CodeIgniter.php(326): CodeIgniter\CodeIgniter->handleRequest(NULL, Object(Config\Cache), false)
#6 C:\xampp\htdocs\CI_AcevedoAriel\index.php(37): CodeIgniter\CodeIgniter->run()
#7 {main}
CRITICAL - 2022-06-01 19:42:14 --> syntax error, unexpected end of file
#0 C:\xampp\htdocs\CI_AcevedoAriel\system\View\View.php(213): CodeIgniter\View\View->CodeIgniter\View\{closure}()
#1 C:\xampp\htdocs\CI_AcevedoAriel\system\Common.php(1089): CodeIgniter\View\View->render('backEnd/product...', Array, true)
#2 C:\xampp\htdocs\CI_AcevedoAriel\app\Controllers\Producto_Controller.php(100): view('backEnd/product...')
#3 C:\xampp\htdocs\CI_AcevedoAriel\system\CodeIgniter.php(832): App\Controllers\Producto_Controller->gestionar_productos()
#4 C:\xampp\htdocs\CI_AcevedoAriel\system\CodeIgniter.php(419): CodeIgniter\CodeIgniter->runController(Object(App\Controllers\Producto_Controller))
#5 C:\xampp\htdocs\CI_AcevedoAriel\system\CodeIgniter.php(326): CodeIgniter\CodeIgniter->handleRequest(NULL, Object(Config\Cache), false)
#6 C:\xampp\htdocs\CI_AcevedoAriel\index.php(37): CodeIgniter\CodeIgniter->run()
#7 {main}
CRITICAL - 2022-06-01 20:01:06 --> Undefined variable: producto
#0 C:\xampp\htdocs\CI_AcevedoAriel\app\Views\backEnd\producto\listar_productos_view.php(17): CodeIgniter\Debug\Exceptions->errorHandler(8, 'Undefined varia...', 'C:\\xampp\\htdocs...', 17, Array)
#1 C:\xampp\htdocs\CI_AcevedoAriel\system\View\View.php(210): include('C:\\xampp\\htdocs...')
#2 C:\xampp\htdocs\CI_AcevedoAriel\system\View\View.php(213): CodeIgniter\View\View->CodeIgniter\View\{closure}()
#3 C:\xampp\htdocs\CI_AcevedoAriel\system\Common.php(1089): CodeIgniter\View\View->render('backEnd/product...', Array, true)
#4 C:\xampp\htdocs\CI_AcevedoAriel\app\Controllers\Producto_Controller.php(100): view('backEnd/product...')
#5 C:\xampp\htdocs\CI_AcevedoAriel\system\CodeIgniter.php(832): App\Controllers\Producto_Controller->gestionar_productos()
#6 C:\xampp\htdocs\CI_AcevedoAriel\system\CodeIgniter.php(419): CodeIgniter\CodeIgniter->runController(Object(App\Controllers\Producto_Controller))
#7 C:\xampp\htdocs\CI_AcevedoAriel\system\CodeIgniter.php(326): CodeIgniter\CodeIgniter->handleRequest(NULL, Object(Config\Cache), false)
#8 C:\xampp\htdocs\CI_AcevedoAriel\index.php(37): CodeIgniter\CodeIgniter->run()
#9 {main}
CRITICAL - 2022-06-01 20:08:02 --> Undefined variable: producto
#0 C:\xampp\htdocs\CI_AcevedoAriel\app\Views\backEnd\producto\listar_productos_view.php(17): CodeIgniter\Debug\Exceptions->errorHandler(8, 'Undefined varia...', 'C:\\xampp\\htdocs...', 17, Array)
#1 C:\xampp\htdocs\CI_AcevedoAriel\system\View\View.php(210): include('C:\\xampp\\htdocs...')
#2 C:\xampp\htdocs\CI_AcevedoAriel\system\View\View.php(213): CodeIgniter\View\View->CodeIgniter\View\{closure}()
#3 C:\xampp\htdocs\CI_AcevedoAriel\system\Common.php(1089): CodeIgniter\View\View->render('backEnd/product...', Array, true)
#4 C:\xampp\htdocs\CI_AcevedoAriel\app\Controllers\Producto_Controller.php(100): view('backEnd/product...')
#5 C:\xampp\htdocs\CI_AcevedoAriel\system\CodeIgniter.php(832): App\Controllers\Producto_Controller->gestionar_productos()
#6 C:\xampp\htdocs\CI_AcevedoAriel\system\CodeIgniter.php(419): CodeIgniter\CodeIgniter->runController(Object(App\Controllers\Producto_Controller))
#7 C:\xampp\htdocs\CI_AcevedoAriel\system\CodeIgniter.php(326): CodeIgniter\CodeIgniter->handleRequest(NULL, Object(Config\Cache), false)
#8 C:\xampp\htdocs\CI_AcevedoAriel\index.php(37): CodeIgniter\CodeIgniter->run()
#9 {main}
CRITICAL - 2022-06-01 20:19:21 --> Undefined variable: row
#0 C:\xampp\htdocs\CI_AcevedoAriel\app\Views\backEnd\producto\listar_productos_view.php(19): CodeIgniter\Debug\Exceptions->errorHandler(8, 'Undefined varia...', 'C:\\xampp\\htdocs...', 19, Array)
#1 C:\xampp\htdocs\CI_AcevedoAriel\system\View\View.php(210): include('C:\\xampp\\htdocs...')
#2 C:\xampp\htdocs\CI_AcevedoAriel\system\View\View.php(213): CodeIgniter\View\View->CodeIgniter\View\{closure}()
#3 C:\xampp\htdocs\CI_AcevedoAriel\system\Common.php(1089): CodeIgniter\View\View->render('backEnd/product...', Array, true)
#4 C:\xampp\htdocs\CI_AcevedoAriel\app\Controllers\Producto_Controller.php(100): view('backEnd/product...')
#5 C:\xampp\htdocs\CI_AcevedoAriel\system\CodeIgniter.php(832): App\Controllers\Producto_Controller->gestionar_productos()
#6 C:\xampp\htdocs\CI_AcevedoAriel\system\CodeIgniter.php(419): CodeIgniter\CodeIgniter->runController(Object(App\Controllers\Producto_Controller))
#7 C:\xampp\htdocs\CI_AcevedoAriel\system\CodeIgniter.php(326): CodeIgniter\CodeIgniter->handleRequest(NULL, Object(Config\Cache), false)
#8 C:\xampp\htdocs\CI_AcevedoAriel\index.php(37): CodeIgniter\CodeIgniter->run()
#9 {main}
CRITICAL - 2022-06-01 20:39:31 --> Undefined variable: producto
#0 C:\xampp\htdocs\CI_AcevedoAriel\app\Views\backEnd\producto\listar_productos_view.php(17): CodeIgniter\Debug\Exceptions->errorHandler(8, 'Undefined varia...', 'C:\\xampp\\htdocs...', 17, Array)
#1 C:\xampp\htdocs\CI_AcevedoAriel\system\View\View.php(210): include('C:\\xampp\\htdocs...')
#2 C:\xampp\htdocs\CI_AcevedoAriel\system\View\View.php(213): CodeIgniter\View\View->CodeIgniter\View\{closure}()
#3 C:\xampp\htdocs\CI_AcevedoAriel\system\Common.php(1089): CodeIgniter\View\View->render('backEnd/product...', Array, true)
#4 C:\xampp\htdocs\CI_AcevedoAriel\app\Controllers\Producto_Controller.php(100): view('backEnd/product...')
#5 C:\xampp\htdocs\CI_AcevedoAriel\system\CodeIgniter.php(832): App\Controllers\Producto_Controller->gestionar_productos()
#6 C:\xampp\htdocs\CI_AcevedoAriel\system\CodeIgniter.php(419): CodeIgniter\CodeIgniter->runController(Object(App\Controllers\Producto_Controller))
#7 C:\xampp\htdocs\CI_AcevedoAriel\system\CodeIgniter.php(326): CodeIgniter\CodeIgniter->handleRequest(NULL, Object(Config\Cache), false)
#8 C:\xampp\htdocs\CI_AcevedoAriel\index.php(37): CodeIgniter\CodeIgniter->run()
#9 {main}
CRITICAL - 2022-06-01 21:59:59 --> Undefined variable: producto
#0 C:\xampp\htdocs\CI_AcevedoAriel\app\Views\backEnd\producto\listar_productos_view.php(17): CodeIgniter\Debug\Exceptions->errorHandler(8, 'Undefined varia...', 'C:\\xampp\\htdocs...', 17, Array)
#1 C:\xampp\htdocs\CI_AcevedoAriel\system\View\View.php(210): include('C:\\xampp\\htdocs...')
#2 C:\xampp\htdocs\CI_AcevedoAriel\system\View\View.php(213): CodeIgniter\View\View->CodeIgniter\View\{closure}()
#3 C:\xampp\htdocs\CI_AcevedoAriel\system\Common.php(1089): CodeIgniter\View\View->render('backEnd/product...', Array, true)
#4 C:\xampp\htdocs\CI_AcevedoAriel\app\Controllers\Producto_Controller.php(100): view('backEnd/product...')
#5 C:\xampp\htdocs\CI_AcevedoAriel\system\CodeIgniter.php(832): App\Controllers\Producto_Controller->gestionar_productos()
#6 C:\xampp\htdocs\CI_AcevedoAriel\system\CodeIgniter.php(419): CodeIgniter\CodeIgniter->runController(Object(App\Controllers\Producto_Controller))
#7 C:\xampp\htdocs\CI_AcevedoAriel\system\CodeIgniter.php(326): CodeIgniter\CodeIgniter->handleRequest(NULL, Object(Config\Cache), false)
#8 C:\xampp\htdocs\CI_AcevedoAriel\index.php(37): CodeIgniter\CodeIgniter->run()
#9 {main}
CRITICAL - 2022-06-01 23:10:10 --> Undefined variable: producto
#0 C:\xampp\htdocs\CI_AcevedoAriel\app\Views\backEnd\producto\listar_productos_view.php(17): CodeIgniter\Debug\Exceptions->errorHandler(8, 'Undefined varia...', 'C:\\xampp\\htdocs...', 17, Array)
#1 C:\xampp\htdocs\CI_AcevedoAriel\system\View\View.php(210): include('C:\\xampp\\htdocs...')
#2 C:\xampp\htdocs\CI_AcevedoAriel\system\View\View.php(213): CodeIgniter\View\View->CodeIgniter\View\{closure}()
#3 C:\xampp\htdocs\CI_AcevedoAriel\system\Common.php(1089): CodeIgniter\View\View->render('backEnd/product...', Array, true)
#4 C:\xampp\htdocs\CI_AcevedoAriel\app\Controllers\Producto_Controller.php(100): view('backEnd/product...')
#5 C:\xampp\htdocs\CI_AcevedoAriel\system\CodeIgniter.php(832): App\Controllers\Producto_Controller->gestionar_productos()
#6 C:\xampp\htdocs\CI_AcevedoAriel\system\CodeIgniter.php(419): CodeIgniter\CodeIgniter->runController(Object(App\Controllers\Producto_Controller))
#7 C:\xampp\htdocs\CI_AcevedoAriel\system\CodeIgniter.php(326): CodeIgniter\CodeIgniter->handleRequest(NULL, Object(Config\Cache), false)
#8 C:\xampp\htdocs\CI_AcevedoAriel\index.php(37): CodeIgniter\CodeIgniter->run()
#9 {main}
CRITICAL - 2022-06-01 23:10:57 --> Undefined variable: producto_Model
#0 C:\xampp\htdocs\CI_AcevedoAriel\app\Controllers\Producto_Controller.php(96): CodeIgniter\Debug\Exceptions->errorHandler(8, 'Undefined varia...', 'C:\\xampp\\htdocs...', 96, Array)
#1 C:\xampp\htdocs\CI_AcevedoAriel\system\CodeIgniter.php(832): App\Controllers\Producto_Controller->gestionar_productos()
#2 C:\xampp\htdocs\CI_AcevedoAriel\system\CodeIgniter.php(419): CodeIgniter\CodeIgniter->runController(Object(App\Controllers\Producto_Controller))
#3 C:\xampp\htdocs\CI_AcevedoAriel\system\CodeIgniter.php(326): CodeIgniter\CodeIgniter->handleRequest(NULL, Object(Config\Cache), false)
#4 C:\xampp\htdocs\CI_AcevedoAriel\index.php(37): CodeIgniter\CodeIgniter->run()
#5 {main}
CRITICAL - 2022-06-01 23:20:18 --> Undefined variable: producto_Model
#0 C:\xampp\htdocs\CI_AcevedoAriel\app\Controllers\Producto_Controller.php(96): CodeIgniter\Debug\Exceptions->errorHandler(8, 'Undefined varia...', 'C:\\xampp\\htdocs...', 96, Array)
#1 C:\xampp\htdocs\CI_AcevedoAriel\system\CodeIgniter.php(832): App\Controllers\Producto_Controller->gestionar_productos()
#2 C:\xampp\htdocs\CI_AcevedoAriel\system\CodeIgniter.php(419): CodeIgniter\CodeIgniter->runController(Object(App\Controllers\Producto_Controller))
#3 C:\xampp\htdocs\CI_AcevedoAriel\system\CodeIgniter.php(326): CodeIgniter\CodeIgniter->handleRequest(NULL, Object(Config\Cache), false)
#4 C:\xampp\htdocs\CI_AcevedoAriel\index.php(37): CodeIgniter\CodeIgniter->run()
#5 {main}
CRITICAL - 2022-06-01 23:26:12 --> Undefined variable: producto_Model
#0 C:\xampp\htdocs\CI_AcevedoAriel\app\Controllers\Producto_Controller.php(96): CodeIgniter\Debug\Exceptions->errorHandler(8, 'Undefined varia...', 'C:\\xampp\\htdocs...', 96, Array)
#1 C:\xampp\htdocs\CI_AcevedoAriel\system\CodeIgniter.php(832): App\Controllers\Producto_Controller->gestionar_productos()
#2 C:\xampp\htdocs\CI_AcevedoAriel\system\CodeIgniter.php(419): CodeIgniter\CodeIgniter->runController(Object(App\Controllers\Producto_Controller))
#3 C:\xampp\htdocs\CI_AcevedoAriel\system\CodeIgniter.php(326): CodeIgniter\CodeIgniter->handleRequest(NULL, Object(Config\Cache), false)
#4 C:\xampp\htdocs\CI_AcevedoAriel\index.php(37): CodeIgniter\CodeIgniter->run()
#5 {main}
CRITICAL - 2022-06-01 23:27:56 --> Undefined variable: db
#0 C:\xampp\htdocs\CI_AcevedoAriel\app\Models\producto_Model.php(28): CodeIgniter\Debug\Exceptions->errorHandler(8, 'Undefined varia...', 'C:\\xampp\\htdocs...', 28, Array)
#1 C:\xampp\htdocs\CI_AcevedoAriel\app\Controllers\Producto_Controller.php(97): App\Models\producto_Model->getProductoAll()
#2 C:\xampp\htdocs\CI_AcevedoAriel\system\CodeIgniter.php(832): App\Controllers\Producto_Controller->gestionar_productos()
#3 C:\xampp\htdocs\CI_AcevedoAriel\system\CodeIgniter.php(419): CodeIgniter\CodeIgniter->runController(Object(App\Controllers\Producto_Controller))
#4 C:\xampp\htdocs\CI_AcevedoAriel\system\CodeIgniter.php(326): CodeIgniter\CodeIgniter->handleRequest(NULL, Object(Config\Cache), false)
#5 C:\xampp\htdocs\CI_AcevedoAriel\index.php(37): CodeIgniter\CodeIgniter->run()
#6 {main}
CRITICAL - 2022-06-01 23:30:01 --> Undefined variable: producto_Model
#0 C:\xampp\htdocs\CI_AcevedoAriel\app\Controllers\Producto_Controller.php(96): CodeIgniter\Debug\Exceptions->errorHandler(8, 'Undefined varia...', 'C:\\xampp\\htdocs...', 96, Array)
#1 C:\xampp\htdocs\CI_AcevedoAriel\system\CodeIgniter.php(832): App\Controllers\Producto_Controller->gestionar_productos()
#2 C:\xampp\htdocs\CI_AcevedoAriel\system\CodeIgniter.php(419): CodeIgniter\CodeIgniter->runController(Object(App\Controllers\Producto_Controller))
#3 C:\xampp\htdocs\CI_AcevedoAriel\system\CodeIgniter.php(326): CodeIgniter\CodeIgniter->handleRequest(NULL, Object(Config\Cache), false)
#4 C:\xampp\htdocs\CI_AcevedoAriel\index.php(37): CodeIgniter\CodeIgniter->run()
#5 {main}
ERROR - 2022-06-01 23:30:13 --> Unknown column 'producto_categoria.cateogira_id' in 'on clause'
CRITICAL - 2022-06-01 23:30:13 --> Unknown column 'producto_categoria.cateogira_id' in 'on clause'
#0 C:\xampp\htdocs\CI_AcevedoAriel\system\Database\MySQLi\Connection.php(292): mysqli->query('SELECT *\nFROM `...', 0)
#1 C:\xampp\htdocs\CI_AcevedoAriel\system\Database\BaseConnection.php(670): CodeIgniter\Database\MySQLi\Connection->execute('SELECT *\nFROM `...')
#2 C:\xampp\htdocs\CI_AcevedoAriel\system\Database\BaseConnection.php(598): CodeIgniter\Database\BaseConnection->simpleQuery('SELECT *\nFROM `...')
#3 C:\xampp\htdocs\CI_AcevedoAriel\system\Database\BaseBuilder.php(1455): CodeIgniter\Database\BaseConnection->query('SELECT *\nFROM `...', Array, false)
#4 C:\xampp\htdocs\CI_AcevedoAriel\app\Models\producto_Model.php(32): CodeIgniter\Database\BaseBuilder->get()
#5 C:\xampp\htdocs\CI_AcevedoAriel\app\Controllers\Producto_Controller.php(97): App\Models\producto_Model->getProductoAll()
#6 C:\xampp\htdocs\CI_AcevedoAriel\system\CodeIgniter.php(832): App\Controllers\Producto_Controller->gestionar_productos()
#7 C:\xampp\htdocs\CI_AcevedoAriel\system\CodeIgniter.php(419): CodeIgniter\CodeIgniter->runController(Object(App\Controllers\Producto_Controller))
#8 C:\xampp\htdocs\CI_AcevedoAriel\system\CodeIgniter.php(326): CodeIgniter\CodeIgniter->handleRequest(NULL, Object(Config\Cache), false)
#9 C:\xampp\htdocs\CI_AcevedoAriel\index.php(37): CodeIgniter\CodeIgniter->run()
#10 {main}
ERROR - 2022-06-01 23:31:28 --> Unknown column 'producto_categoria.cateogira_id' in 'on clause'
CRITICAL - 2022-06-01 23:31:28 --> Unknown column 'producto_categoria.cateogira_id' in 'on clause'
#0 C:\xampp\htdocs\CI_AcevedoAriel\system\Database\MySQLi\Connection.php(292): mysqli->query('SELECT *\nFROM `...', 0)
#1 C:\xampp\htdocs\CI_AcevedoAriel\system\Database\BaseConnection.php(670): CodeIgniter\Database\MySQLi\Connection->execute('SELECT *\nFROM `...')
#2 C:\xampp\htdocs\CI_AcevedoAriel\system\Database\BaseConnection.php(598): CodeIgniter\Database\BaseConnection->simpleQuery('SELECT *\nFROM `...')
#3 C:\xampp\htdocs\CI_AcevedoAriel\system\Database\BaseBuilder.php(1455): CodeIgniter\Database\BaseConnection->query('SELECT *\nFROM `...', Array, false)
#4 C:\xampp\htdocs\CI_AcevedoAriel\app\Models\producto_Model.php(32): CodeIgniter\Database\BaseBuilder->get()
#5 C:\xampp\htdocs\CI_AcevedoAriel\app\Controllers\Producto_Controller.php(97): App\Models\producto_Model->getProductoAll()
#6 C:\xampp\htdocs\CI_AcevedoAriel\system\CodeIgniter.php(832): App\Controllers\Producto_Controller->gestionar_productos()
#7 C:\xampp\htdocs\CI_AcevedoAriel\system\CodeIgniter.php(419): CodeIgniter\CodeIgniter->runController(Object(App\Controllers\Producto_Controller))
#8 C:\xampp\htdocs\CI_AcevedoAriel\system\CodeIgniter.php(326): CodeIgniter\CodeIgniter->handleRequest(NULL, Object(Config\Cache), false)
#9 C:\xampp\htdocs\CI_AcevedoAriel\index.php(37): CodeIgniter\CodeIgniter->run()
#10 {main}
CRITICAL - 2022-06-01 23:32:05 --> Undefined variable: producto_Model
#0 C:\xampp\htdocs\CI_AcevedoAriel\app\Controllers\Producto_Controller.php(96): CodeIgniter\Debug\Exceptions->errorHandler(8, 'Undefined varia...', 'C:\\xampp\\htdocs...', 96, Array)
#1 C:\xampp\htdocs\CI_AcevedoAriel\system\CodeIgniter.php(832): App\Controllers\Producto_Controller->gestionar_productos()
#2 C:\xampp\htdocs\CI_AcevedoAriel\system\CodeIgniter.php(419): CodeIgniter\CodeIgniter->runController(Object(App\Controllers\Producto_Controller))
#3 C:\xampp\htdocs\CI_AcevedoAriel\system\CodeIgniter.php(326): CodeIgniter\CodeIgniter->handleRequest(NULL, Object(Config\Cache), false)
#4 C:\xampp\htdocs\CI_AcevedoAriel\index.php(37): CodeIgniter\CodeIgniter->run()
#5 {main}
CRITICAL - 2022-06-01 23:32:19 --> Undefined index: producto_stcok
#0 C:\xampp\htdocs\CI_AcevedoAriel\app\Views\backEnd\producto\listar_productos_view.php(22): CodeIgniter\Debug\Exceptions->errorHandler(8, 'Undefined index...', 'C:\\xampp\\htdocs...', 22, Array)
#1 C:\xampp\htdocs\CI_AcevedoAriel\system\View\View.php(210): include('C:\\xampp\\htdocs...')
#2 C:\xampp\htdocs\CI_AcevedoAriel\system\View\View.php(213): CodeIgniter\View\View->CodeIgniter\View\{closure}()
#3 C:\xampp\htdocs\CI_AcevedoAriel\system\Common.php(1089): CodeIgniter\View\View->render('backEnd/product...', Array, true)
#4 C:\xampp\htdocs\CI_AcevedoAriel\app\Controllers\Producto_Controller.php(101): view('backEnd/product...')
#5 C:\xampp\htdocs\CI_AcevedoAriel\system\CodeIgniter.php(832): App\Controllers\Producto_Controller->gestionar_productos()
#6 C:\xampp\htdocs\CI_AcevedoAriel\system\CodeIgniter.php(419): CodeIgniter\CodeIgniter->runController(Object(App\Controllers\Producto_Controller))
#7 C:\xampp\htdocs\CI_AcevedoAriel\system\CodeIgniter.php(326): CodeIgniter\CodeIgniter->handleRequest(NULL, Object(Config\Cache), false)
#8 C:\xampp\htdocs\CI_AcevedoAriel\index.php(37): CodeIgniter\CodeIgniter->run()
#9 {main}
CRITICAL - 2022-06-01 23:32:43 --> Undefined index: id_producto
#0 C:\xampp\htdocs\CI_AcevedoAriel\app\Views\backEnd\producto\listar_productos_view.php(29): CodeIgniter\Debug\Exceptions->errorHandler(8, 'Undefined index...', 'C:\\xampp\\htdocs...', 29, Array)
#1 C:\xampp\htdocs\CI_AcevedoAriel\system\View\View.php(210): include('C:\\xampp\\htdocs...')
#2 C:\xampp\htdocs\CI_AcevedoAriel\system\View\View.php(213): CodeIgniter\View\View->CodeIgniter\View\{closure}()
#3 C:\xampp\htdocs\CI_AcevedoAriel\system\Common.php(1089): CodeIgniter\View\View->render('backEnd/product...', Array, true)
#4 C:\xampp\htdocs\CI_AcevedoAriel\app\Controllers\Producto_Controller.php(101): view('backEnd/product...')
#5 C:\xampp\htdocs\CI_AcevedoAriel\system\CodeIgniter.php(832): App\Controllers\Producto_Controller->gestionar_productos()
#6 C:\xampp\htdocs\CI_AcevedoAriel\system\CodeIgniter.php(419): CodeIgniter\CodeIgniter->runController(Object(App\Controllers\Producto_Controller))
#7 C:\xampp\htdocs\CI_AcevedoAriel\system\CodeIgniter.php(326): CodeIgniter\CodeIgniter->handleRequest(NULL, Object(Config\Cache), false)
#8 C:\xampp\htdocs\CI_AcevedoAriel\index.php(37): CodeIgniter\CodeIgniter->run()
#9 {main}
