CRITICAL - 2022-06-14 18:34:32 --> syntax error, unexpected '(', expecting identifier (T_STRING) or variable (T_VARIABLE) or '{' or '$'
#0 C:\xampp\htdocs\CI_AcevedoAriel\system\Autoloader\Autoloader.php(241): CodeIgniter\Autoloader\Autoloader->includeFile('C:\\xampp\\htdocs...')
#1 C:\xampp\htdocs\CI_AcevedoAriel\system\Autoloader\Autoloader.php(219): CodeIgniter\Autoloader\Autoloader->loadInNamespace('App\\Controllers...')
#2 [internal function]: CodeIgniter\Autoloader\Autoloader->loadClass('App\\Controllers...')
#3 [internal function]: spl_autoload_call('App\\Controllers...')
#4 C:\xampp\htdocs\CI_AcevedoAriel\system\CodeIgniter.php(797): class_exists('\\App\\Controller...', true)
#5 C:\xampp\htdocs\CI_AcevedoAriel\system\CodeIgniter.php(406): CodeIgniter\CodeIgniter->startController()
#6 C:\xampp\htdocs\CI_AcevedoAriel\system\CodeIgniter.php(326): CodeIgniter\CodeIgniter->handleRequest(NULL, Object(Config\Cache), false)
#7 C:\xampp\htdocs\CI_AcevedoAriel\index.php(37): CodeIgniter\CodeIgniter->run()
#8 {main}
CRITICAL - 2022-06-14 18:47:18 --> Undefined variable: producto
#0 C:\xampp\htdocs\CI_AcevedoAriel\app\Views\contenidos\productos_cat_view.php(11): CodeIgniter\Debug\Exceptions->errorHandler(8, 'Undefined varia...', 'C:\\xampp\\htdocs...', 11, Array)
#1 C:\xampp\htdocs\CI_AcevedoAriel\system\View\View.php(210): include('C:\\xampp\\htdocs...')
#2 C:\xampp\htdocs\CI_AcevedoAriel\system\View\View.php(213): CodeIgniter\View\View->CodeIgniter\View\{closure}()
#3 C:\xampp\htdocs\CI_AcevedoAriel\system\Common.php(1089): CodeIgniter\View\View->render('contenidos/prod...', Array, true)
#4 C:\xampp\htdocs\CI_AcevedoAriel\app\Controllers\Home.php(71): view('contenidos/prod...')
#5 C:\xampp\htdocs\CI_AcevedoAriel\system\CodeIgniter.php(832): App\Controllers\Home->productos_cat('1')
#6 C:\xampp\htdocs\CI_AcevedoAriel\system\CodeIgniter.php(419): CodeIgniter\CodeIgniter->runController(Object(App\Controllers\Home))
#7 C:\xampp\htdocs\CI_AcevedoAriel\system\CodeIgniter.php(326): CodeIgniter\CodeIgniter->handleRequest(NULL, Object(Config\Cache), false)
#8 C:\xampp\htdocs\CI_AcevedoAriel\index.php(37): CodeIgniter\CodeIgniter->run()
#9 {main}
CRITICAL - 2022-06-14 18:49:03 --> Undefined variable: producto
#0 C:\xampp\htdocs\CI_AcevedoAriel\app\Views\contenidos\productos_cat_view.php(11): CodeIgniter\Debug\Exceptions->errorHandler(8, 'Undefined varia...', 'C:\\xampp\\htdocs...', 11, Array)
#1 C:\xampp\htdocs\CI_AcevedoAriel\system\View\View.php(210): include('C:\\xampp\\htdocs...')
#2 C:\xampp\htdocs\CI_AcevedoAriel\system\View\View.php(213): CodeIgniter\View\View->CodeIgniter\View\{closure}()
#3 C:\xampp\htdocs\CI_AcevedoAriel\system\Common.php(1089): CodeIgniter\View\View->render('contenidos/prod...', Array, true)
#4 C:\xampp\htdocs\CI_AcevedoAriel\app\Controllers\Home.php(71): view('contenidos/prod...')
#5 C:\xampp\htdocs\CI_AcevedoAriel\system\CodeIgniter.php(832): App\Controllers\Home->productos_cat('1')
#6 C:\xampp\htdocs\CI_AcevedoAriel\system\CodeIgniter.php(419): CodeIgniter\CodeIgniter->runController(Object(App\Controllers\Home))
#7 C:\xampp\htdocs\CI_AcevedoAriel\system\CodeIgniter.php(326): CodeIgniter\CodeIgniter->handleRequest(NULL, Object(Config\Cache), false)
#8 C:\xampp\htdocs\CI_AcevedoAriel\index.php(37): CodeIgniter\CodeIgniter->run()
#9 {main}
CRITICAL - 2022-06-14 18:50:39 --> Undefined variable: producto
#0 C:\xampp\htdocs\CI_AcevedoAriel\app\Views\contenidos\productos_cat_view.php(11): CodeIgniter\Debug\Exceptions->errorHandler(8, 'Undefined varia...', 'C:\\xampp\\htdocs...', 11, Array)
#1 C:\xampp\htdocs\CI_AcevedoAriel\system\View\View.php(210): include('C:\\xampp\\htdocs...')
#2 C:\xampp\htdocs\CI_AcevedoAriel\system\View\View.php(213): CodeIgniter\View\View->CodeIgniter\View\{closure}()
#3 C:\xampp\htdocs\CI_AcevedoAriel\system\Common.php(1089): CodeIgniter\View\View->render('contenidos/prod...', Array, true)
#4 C:\xampp\htdocs\CI_AcevedoAriel\app\Controllers\Home.php(71): view('contenidos/prod...')
#5 C:\xampp\htdocs\CI_AcevedoAriel\system\CodeIgniter.php(832): App\Controllers\Home->productos_cat('3')
#6 C:\xampp\htdocs\CI_AcevedoAriel\system\CodeIgniter.php(419): CodeIgniter\CodeIgniter->runController(Object(App\Controllers\Home))
#7 C:\xampp\htdocs\CI_AcevedoAriel\system\CodeIgniter.php(326): CodeIgniter\CodeIgniter->handleRequest(NULL, Object(Config\Cache), false)
#8 C:\xampp\htdocs\CI_AcevedoAriel\index.php(37): CodeIgniter\CodeIgniter->run()
#9 {main}
ERROR - 2022-06-14 18:52:10 --> Unknown column 'perfil' in 'where clause'
CRITICAL - 2022-06-14 18:52:10 --> Unknown column 'perfil' in 'where clause'
#0 C:\xampp\htdocs\CI_AcevedoAriel\system\Database\MySQLi\Connection.php(292): mysqli->query('SELECT *\nFROM `...', 0)
#1 C:\xampp\htdocs\CI_AcevedoAriel\system\Database\BaseConnection.php(670): CodeIgniter\Database\MySQLi\Connection->execute('SELECT *\nFROM `...')
#2 C:\xampp\htdocs\CI_AcevedoAriel\system\Database\BaseConnection.php(598): CodeIgniter\Database\BaseConnection->simpleQuery('SELECT *\nFROM `...')
#3 C:\xampp\htdocs\CI_AcevedoAriel\system\Database\BaseBuilder.php(1455): CodeIgniter\Database\BaseConnection->query('SELECT *\nFROM `...', Array, false)
#4 C:\xampp\htdocs\CI_AcevedoAriel\system\Model.php(183): CodeIgniter\Database\BaseBuilder->get()
#5 C:\xampp\htdocs\CI_AcevedoAriel\system\BaseModel.php(584): CodeIgniter\Model->doFindAll(0, 0)
#6 C:\xampp\htdocs\CI_AcevedoAriel\app\Controllers\Home.php(66): CodeIgniter\BaseModel->findAll()
#7 C:\xampp\htdocs\CI_AcevedoAriel\system\CodeIgniter.php(832): App\Controllers\Home->productos_cat('1')
#8 C:\xampp\htdocs\CI_AcevedoAriel\system\CodeIgniter.php(419): CodeIgniter\CodeIgniter->runController(Object(App\Controllers\Home))
#9 C:\xampp\htdocs\CI_AcevedoAriel\system\CodeIgniter.php(326): CodeIgniter\CodeIgniter->handleRequest(NULL, Object(Config\Cache), false)
#10 C:\xampp\htdocs\CI_AcevedoAriel\index.php(37): CodeIgniter\CodeIgniter->run()
#11 {main}
ERROR - 2022-06-14 18:52:22 --> Unknown column 'perfil' in 'where clause'
CRITICAL - 2022-06-14 18:52:22 --> Unknown column 'perfil' in 'where clause'
#0 C:\xampp\htdocs\CI_AcevedoAriel\system\Database\MySQLi\Connection.php(292): mysqli->query('SELECT *\nFROM `...', 0)
#1 C:\xampp\htdocs\CI_AcevedoAriel\system\Database\BaseConnection.php(670): CodeIgniter\Database\MySQLi\Connection->execute('SELECT *\nFROM `...')
#2 C:\xampp\htdocs\CI_AcevedoAriel\system\Database\BaseConnection.php(598): CodeIgniter\Database\BaseConnection->simpleQuery('SELECT *\nFROM `...')
#3 C:\xampp\htdocs\CI_AcevedoAriel\system\Database\BaseBuilder.php(1455): CodeIgniter\Database\BaseConnection->query('SELECT *\nFROM `...', Array, false)
#4 C:\xampp\htdocs\CI_AcevedoAriel\system\Model.php(183): CodeIgniter\Database\BaseBuilder->get()
#5 C:\xampp\htdocs\CI_AcevedoAriel\system\BaseModel.php(584): CodeIgniter\Model->doFindAll(0, 0)
#6 C:\xampp\htdocs\CI_AcevedoAriel\app\Controllers\Home.php(66): CodeIgniter\BaseModel->findAll()
#7 C:\xampp\htdocs\CI_AcevedoAriel\system\CodeIgniter.php(832): App\Controllers\Home->productos_cat('1')
#8 C:\xampp\htdocs\CI_AcevedoAriel\system\CodeIgniter.php(419): CodeIgniter\CodeIgniter->runController(Object(App\Controllers\Home))
#9 C:\xampp\htdocs\CI_AcevedoAriel\system\CodeIgniter.php(326): CodeIgniter\CodeIgniter->handleRequest(NULL, Object(Config\Cache), false)
#10 C:\xampp\htdocs\CI_AcevedoAriel\index.php(37): CodeIgniter\CodeIgniter->run()
#11 {main}
CRITICAL - 2022-06-14 18:52:51 --> syntax error, unexpected '(', expecting identifier (T_STRING) or variable (T_VARIABLE) or '{' or '$'
#0 C:\xampp\htdocs\CI_AcevedoAriel\system\Router\Router.php(175): CodeIgniter\Router\Router->autoRoute('home/productos_...')
#1 C:\xampp\htdocs\CI_AcevedoAriel\system\CodeIgniter.php(726): CodeIgniter\Router\Router->handle('home/productos_...')
#2 C:\xampp\htdocs\CI_AcevedoAriel\system\CodeIgniter.php(368): CodeIgniter\CodeIgniter->tryToRouteIt(Object(CodeIgniter\Router\RouteCollection))
#3 C:\xampp\htdocs\CI_AcevedoAriel\system\CodeIgniter.php(326): CodeIgniter\CodeIgniter->handleRequest(NULL, Object(Config\Cache), false)
#4 C:\xampp\htdocs\CI_AcevedoAriel\index.php(37): CodeIgniter\CodeIgniter->run()
#5 {main}
CRITICAL - 2022-06-14 18:53:19 --> syntax error, unexpected '(', expecting identifier (T_STRING) or variable (T_VARIABLE) or '{' or '$'
#0 C:\xampp\htdocs\CI_AcevedoAriel\system\Router\Router.php(175): CodeIgniter\Router\Router->autoRoute('home/productos_...')
#1 C:\xampp\htdocs\CI_AcevedoAriel\system\CodeIgniter.php(726): CodeIgniter\Router\Router->handle('home/productos_...')
#2 C:\xampp\htdocs\CI_AcevedoAriel\system\CodeIgniter.php(368): CodeIgniter\CodeIgniter->tryToRouteIt(Object(CodeIgniter\Router\RouteCollection))
#3 C:\xampp\htdocs\CI_AcevedoAriel\system\CodeIgniter.php(326): CodeIgniter\CodeIgniter->handleRequest(NULL, Object(Config\Cache), false)
#4 C:\xampp\htdocs\CI_AcevedoAriel\index.php(37): CodeIgniter\CodeIgniter->run()
#5 {main}
CRITICAL - 2022-06-14 18:53:26 --> syntax error, unexpected '(', expecting identifier (T_STRING) or variable (T_VARIABLE) or '{' or '$'
#0 C:\xampp\htdocs\CI_AcevedoAriel\system\Router\Router.php(175): CodeIgniter\Router\Router->autoRoute('home/productos_...')
#1 C:\xampp\htdocs\CI_AcevedoAriel\system\CodeIgniter.php(726): CodeIgniter\Router\Router->handle('home/productos_...')
#2 C:\xampp\htdocs\CI_AcevedoAriel\system\CodeIgniter.php(368): CodeIgniter\CodeIgniter->tryToRouteIt(Object(CodeIgniter\Router\RouteCollection))
#3 C:\xampp\htdocs\CI_AcevedoAriel\system\CodeIgniter.php(326): CodeIgniter\CodeIgniter->handleRequest(NULL, Object(Config\Cache), false)
#4 C:\xampp\htdocs\CI_AcevedoAriel\index.php(37): CodeIgniter\CodeIgniter->run()
#5 {main}
CRITICAL - 2022-06-14 18:53:36 --> syntax error, unexpected '(', expecting identifier (T_STRING) or variable (T_VARIABLE) or '{' or '$'
#0 C:\xampp\htdocs\CI_AcevedoAriel\system\Router\Router.php(175): CodeIgniter\Router\Router->autoRoute('home/productos_...')
#1 C:\xampp\htdocs\CI_AcevedoAriel\system\CodeIgniter.php(726): CodeIgniter\Router\Router->handle('home/productos_...')
#2 C:\xampp\htdocs\CI_AcevedoAriel\system\CodeIgniter.php(368): CodeIgniter\CodeIgniter->tryToRouteIt(Object(CodeIgniter\Router\RouteCollection))
#3 C:\xampp\htdocs\CI_AcevedoAriel\system\CodeIgniter.php(326): CodeIgniter\CodeIgniter->handleRequest(NULL, Object(Config\Cache), false)
#4 C:\xampp\htdocs\CI_AcevedoAriel\index.php(37): CodeIgniter\CodeIgniter->run()
#5 {main}
CRITICAL - 2022-06-14 18:53:44 --> syntax error, unexpected '(', expecting identifier (T_STRING) or variable (T_VARIABLE) or '{' or '$'
#0 C:\xampp\htdocs\CI_AcevedoAriel\system\Router\Router.php(175): CodeIgniter\Router\Router->autoRoute('home/productos_...')
#1 C:\xampp\htdocs\CI_AcevedoAriel\system\CodeIgniter.php(726): CodeIgniter\Router\Router->handle('home/productos_...')
#2 C:\xampp\htdocs\CI_AcevedoAriel\system\CodeIgniter.php(368): CodeIgniter\CodeIgniter->tryToRouteIt(Object(CodeIgniter\Router\RouteCollection))
#3 C:\xampp\htdocs\CI_AcevedoAriel\system\CodeIgniter.php(326): CodeIgniter\CodeIgniter->handleRequest(NULL, Object(Config\Cache), false)
#4 C:\xampp\htdocs\CI_AcevedoAriel\index.php(37): CodeIgniter\CodeIgniter->run()
#5 {main}
CRITICAL - 2022-06-14 18:55:09 --> syntax error, unexpected '(', expecting identifier (T_STRING) or variable (T_VARIABLE) or '{' or '$'
#0 C:\xampp\htdocs\CI_AcevedoAriel\system\Router\Router.php(175): CodeIgniter\Router\Router->autoRoute('home/productos_...')
#1 C:\xampp\htdocs\CI_AcevedoAriel\system\CodeIgniter.php(726): CodeIgniter\Router\Router->handle('home/productos_...')
#2 C:\xampp\htdocs\CI_AcevedoAriel\system\CodeIgniter.php(368): CodeIgniter\CodeIgniter->tryToRouteIt(Object(CodeIgniter\Router\RouteCollection))
#3 C:\xampp\htdocs\CI_AcevedoAriel\system\CodeIgniter.php(326): CodeIgniter\CodeIgniter->handleRequest(NULL, Object(Config\Cache), false)
#4 C:\xampp\htdocs\CI_AcevedoAriel\index.php(37): CodeIgniter\CodeIgniter->run()
#5 {main}
CRITICAL - 2022-06-14 18:55:33 --> syntax error, unexpected '(', expecting identifier (T_STRING) or variable (T_VARIABLE) or '{' or '$'
#0 C:\xampp\htdocs\CI_AcevedoAriel\system\Router\Router.php(175): CodeIgniter\Router\Router->autoRoute('home/productos_...')
#1 C:\xampp\htdocs\CI_AcevedoAriel\system\CodeIgniter.php(726): CodeIgniter\Router\Router->handle('home/productos_...')
#2 C:\xampp\htdocs\CI_AcevedoAriel\system\CodeIgniter.php(368): CodeIgniter\CodeIgniter->tryToRouteIt(Object(CodeIgniter\Router\RouteCollection))
#3 C:\xampp\htdocs\CI_AcevedoAriel\system\CodeIgniter.php(326): CodeIgniter\CodeIgniter->handleRequest(NULL, Object(Config\Cache), false)
#4 C:\xampp\htdocs\CI_AcevedoAriel\index.php(37): CodeIgniter\CodeIgniter->run()
#5 {main}
CRITICAL - 2022-06-14 18:55:38 --> syntax error, unexpected '(', expecting identifier (T_STRING) or variable (T_VARIABLE) or '{' or '$'
#0 C:\xampp\htdocs\CI_AcevedoAriel\system\Router\Router.php(175): CodeIgniter\Router\Router->autoRoute('home/productos_...')
#1 C:\xampp\htdocs\CI_AcevedoAriel\system\CodeIgniter.php(726): CodeIgniter\Router\Router->handle('home/productos_...')
#2 C:\xampp\htdocs\CI_AcevedoAriel\system\CodeIgniter.php(368): CodeIgniter\CodeIgniter->tryToRouteIt(Object(CodeIgniter\Router\RouteCollection))
#3 C:\xampp\htdocs\CI_AcevedoAriel\system\CodeIgniter.php(326): CodeIgniter\CodeIgniter->handleRequest(NULL, Object(Config\Cache), false)
#4 C:\xampp\htdocs\CI_AcevedoAriel\index.php(37): CodeIgniter\CodeIgniter->run()
#5 {main}
CRITICAL - 2022-06-14 18:57:30 --> syntax error, unexpected '(', expecting identifier (T_STRING) or variable (T_VARIABLE) or '{' or '$'
#0 C:\xampp\htdocs\CI_AcevedoAriel\system\Router\Router.php(175): CodeIgniter\Router\Router->autoRoute('home/productos_...')
#1 C:\xampp\htdocs\CI_AcevedoAriel\system\CodeIgniter.php(726): CodeIgniter\Router\Router->handle('home/productos_...')
#2 C:\xampp\htdocs\CI_AcevedoAriel\system\CodeIgniter.php(368): CodeIgniter\CodeIgniter->tryToRouteIt(Object(CodeIgniter\Router\RouteCollection))
#3 C:\xampp\htdocs\CI_AcevedoAriel\system\CodeIgniter.php(326): CodeIgniter\CodeIgniter->handleRequest(NULL, Object(Config\Cache), false)
#4 C:\xampp\htdocs\CI_AcevedoAriel\index.php(37): CodeIgniter\CodeIgniter->run()
#5 {main}
CRITICAL - 2022-06-14 18:58:41 --> syntax error, unexpected '(', expecting identifier (T_STRING) or variable (T_VARIABLE) or '{' or '$'
#0 C:\xampp\htdocs\CI_AcevedoAriel\system\Router\Router.php(175): CodeIgniter\Router\Router->autoRoute('home/productos_...')
#1 C:\xampp\htdocs\CI_AcevedoAriel\system\CodeIgniter.php(726): CodeIgniter\Router\Router->handle('home/productos_...')
#2 C:\xampp\htdocs\CI_AcevedoAriel\system\CodeIgniter.php(368): CodeIgniter\CodeIgniter->tryToRouteIt(Object(CodeIgniter\Router\RouteCollection))
#3 C:\xampp\htdocs\CI_AcevedoAriel\system\CodeIgniter.php(326): CodeIgniter\CodeIgniter->handleRequest(NULL, Object(Config\Cache), false)
#4 C:\xampp\htdocs\CI_AcevedoAriel\index.php(37): CodeIgniter\CodeIgniter->run()
#5 {main}
CRITICAL - 2022-06-14 18:59:27 --> syntax error, unexpected '(', expecting identifier (T_STRING) or variable (T_VARIABLE) or '{' or '$'
#0 C:\xampp\htdocs\CI_AcevedoAriel\system\Router\Router.php(175): CodeIgniter\Router\Router->autoRoute('home/productos_...')
#1 C:\xampp\htdocs\CI_AcevedoAriel\system\CodeIgniter.php(726): CodeIgniter\Router\Router->handle('home/productos_...')
#2 C:\xampp\htdocs\CI_AcevedoAriel\system\CodeIgniter.php(368): CodeIgniter\CodeIgniter->tryToRouteIt(Object(CodeIgniter\Router\RouteCollection))
#3 C:\xampp\htdocs\CI_AcevedoAriel\system\CodeIgniter.php(326): CodeIgniter\CodeIgniter->handleRequest(NULL, Object(Config\Cache), false)
#4 C:\xampp\htdocs\CI_AcevedoAriel\index.php(37): CodeIgniter\CodeIgniter->run()
#5 {main}
CRITICAL - 2022-06-14 18:59:39 --> Undefined variable: producto
#0 C:\xampp\htdocs\CI_AcevedoAriel\app\Views\contenidos\productos_cat_view.php(11): CodeIgniter\Debug\Exceptions->errorHandler(8, 'Undefined varia...', 'C:\\xampp\\htdocs...', 11, Array)
#1 C:\xampp\htdocs\CI_AcevedoAriel\system\View\View.php(210): include('C:\\xampp\\htdocs...')
#2 C:\xampp\htdocs\CI_AcevedoAriel\system\View\View.php(213): CodeIgniter\View\View->CodeIgniter\View\{closure}()
#3 C:\xampp\htdocs\CI_AcevedoAriel\system\Common.php(1089): CodeIgniter\View\View->render('contenidos/prod...', Array, true)
#4 C:\xampp\htdocs\CI_AcevedoAriel\app\Controllers\Home.php(72): view('contenidos/prod...')
#5 C:\xampp\htdocs\CI_AcevedoAriel\system\CodeIgniter.php(832): App\Controllers\Home->productos_cat('1')
#6 C:\xampp\htdocs\CI_AcevedoAriel\system\CodeIgniter.php(419): CodeIgniter\CodeIgniter->runController(Object(App\Controllers\Home))
#7 C:\xampp\htdocs\CI_AcevedoAriel\system\CodeIgniter.php(326): CodeIgniter\CodeIgniter->handleRequest(NULL, Object(Config\Cache), false)
#8 C:\xampp\htdocs\CI_AcevedoAriel\index.php(37): CodeIgniter\CodeIgniter->run()
#9 {main}
CRITICAL - 2022-06-14 19:00:40 --> syntax error, unexpected '(', expecting identifier (T_STRING) or variable (T_VARIABLE) or '{' or '$'
#0 C:\xampp\htdocs\CI_AcevedoAriel\system\Router\Router.php(175): CodeIgniter\Router\Router->autoRoute('home/productos_...')
#1 C:\xampp\htdocs\CI_AcevedoAriel\system\CodeIgniter.php(726): CodeIgniter\Router\Router->handle('home/productos_...')
#2 C:\xampp\htdocs\CI_AcevedoAriel\system\CodeIgniter.php(368): CodeIgniter\CodeIgniter->tryToRouteIt(Object(CodeIgniter\Router\RouteCollection))
#3 C:\xampp\htdocs\CI_AcevedoAriel\system\CodeIgniter.php(326): CodeIgniter\CodeIgniter->handleRequest(NULL, Object(Config\Cache), false)
#4 C:\xampp\htdocs\CI_AcevedoAriel\index.php(37): CodeIgniter\CodeIgniter->run()
#5 {main}
CRITICAL - 2022-06-14 19:00:58 --> syntax error, unexpected '(', expecting identifier (T_STRING) or variable (T_VARIABLE) or '{' or '$'
#0 C:\xampp\htdocs\CI_AcevedoAriel\system\Router\Router.php(175): CodeIgniter\Router\Router->autoRoute('home/productos_...')
#1 C:\xampp\htdocs\CI_AcevedoAriel\system\CodeIgniter.php(726): CodeIgniter\Router\Router->handle('home/productos_...')
#2 C:\xampp\htdocs\CI_AcevedoAriel\system\CodeIgniter.php(368): CodeIgniter\CodeIgniter->tryToRouteIt(Object(CodeIgniter\Router\RouteCollection))
#3 C:\xampp\htdocs\CI_AcevedoAriel\system\CodeIgniter.php(326): CodeIgniter\CodeIgniter->handleRequest(NULL, Object(Config\Cache), false)
#4 C:\xampp\htdocs\CI_AcevedoAriel\index.php(37): CodeIgniter\CodeIgniter->run()
#5 {main}
CRITICAL - 2022-06-14 20:16:16 -->  route cannot be found while reverse-routing.
#0 C:\xampp\htdocs\CI_AcevedoAriel\system\HTTP\RedirectResponse.php(56): CodeIgniter\HTTP\Exceptions\HTTPException::forInvalidRedirectRoute('')
#1 C:\xampp\htdocs\CI_AcevedoAriel\app\Controllers\venta_Controller.php(17): CodeIgniter\HTTP\RedirectResponse->route(false)
#2 C:\xampp\htdocs\CI_AcevedoAriel\system\CodeIgniter.php(832): App\Controllers\venta_Controller->guardar_ventas()
#3 C:\xampp\htdocs\CI_AcevedoAriel\system\CodeIgniter.php(419): CodeIgniter\CodeIgniter->runController(Object(App\Controllers\venta_Controller))
#4 C:\xampp\htdocs\CI_AcevedoAriel\system\CodeIgniter.php(326): CodeIgniter\CodeIgniter->handleRequest(NULL, Object(Config\Cache), false)
#5 C:\xampp\htdocs\CI_AcevedoAriel\index.php(37): CodeIgniter\CodeIgniter->run()
#6 {main}
CRITICAL - 2022-06-14 20:19:17 -->  route cannot be found while reverse-routing.
#0 C:\xampp\htdocs\CI_AcevedoAriel\system\HTTP\RedirectResponse.php(56): CodeIgniter\HTTP\Exceptions\HTTPException::forInvalidRedirectRoute('')
#1 C:\xampp\htdocs\CI_AcevedoAriel\app\Controllers\venta_Controller.php(17): CodeIgniter\HTTP\RedirectResponse->route(false)
#2 C:\xampp\htdocs\CI_AcevedoAriel\system\CodeIgniter.php(832): App\Controllers\venta_Controller->guardar_ventas()
#3 C:\xampp\htdocs\CI_AcevedoAriel\system\CodeIgniter.php(419): CodeIgniter\CodeIgniter->runController(Object(App\Controllers\venta_Controller))
#4 C:\xampp\htdocs\CI_AcevedoAriel\system\CodeIgniter.php(326): CodeIgniter\CodeIgniter->handleRequest(NULL, Object(Config\Cache), false)
#5 C:\xampp\htdocs\CI_AcevedoAriel\index.php(37): CodeIgniter\CodeIgniter->run()
#6 {main}
CRITICAL - 2022-06-14 22:06:59 --> syntax error, unexpected 'lle_venta' (T_STRING), expecting ')'
#0 C:\xampp\htdocs\CI_AcevedoAriel\system\Router\Router.php(175): CodeIgniter\Router\Router->autoRoute('venta_Controlle...')
#1 C:\xampp\htdocs\CI_AcevedoAriel\system\CodeIgniter.php(726): CodeIgniter\Router\Router->handle('venta_Controlle...')
#2 C:\xampp\htdocs\CI_AcevedoAriel\system\CodeIgniter.php(368): CodeIgniter\CodeIgniter->tryToRouteIt(Object(CodeIgniter\Router\RouteCollection))
#3 C:\xampp\htdocs\CI_AcevedoAriel\system\CodeIgniter.php(326): CodeIgniter\CodeIgniter->handleRequest(NULL, Object(Config\Cache), false)
#4 C:\xampp\htdocs\CI_AcevedoAriel\index.php(37): CodeIgniter\CodeIgniter->run()
#5 {main}
CRITICAL - 2022-06-14 22:41:33 --> syntax error, unexpected '}', expecting ';'
#0 C:\xampp\htdocs\CI_AcevedoAriel\system\Router\Router.php(175): CodeIgniter\Router\Router->autoRoute('venta_Controlle...')
#1 C:\xampp\htdocs\CI_AcevedoAriel\system\CodeIgniter.php(726): CodeIgniter\Router\Router->handle('venta_Controlle...')
#2 C:\xampp\htdocs\CI_AcevedoAriel\system\CodeIgniter.php(368): CodeIgniter\CodeIgniter->tryToRouteIt(Object(CodeIgniter\Router\RouteCollection))
#3 C:\xampp\htdocs\CI_AcevedoAriel\system\CodeIgniter.php(326): CodeIgniter\CodeIgniter->handleRequest(NULL, Object(Config\Cache), false)
#4 C:\xampp\htdocs\CI_AcevedoAriel\index.php(37): CodeIgniter\CodeIgniter->run()
#5 {main}
CRITICAL - 2022-06-14 22:41:47 --> Undefined index: stock
#0 C:\xampp\htdocs\CI_AcevedoAriel\app\Controllers\venta_Controller.php(18): CodeIgniter\Debug\Exceptions->errorHandler(8, 'Undefined index...', 'C:\\xampp\\htdocs...', 18, Array)
#1 C:\xampp\htdocs\CI_AcevedoAriel\system\CodeIgniter.php(832): App\Controllers\venta_Controller->guardar_ventas()
#2 C:\xampp\htdocs\CI_AcevedoAriel\system\CodeIgniter.php(419): CodeIgniter\CodeIgniter->runController(Object(App\Controllers\venta_Controller))
#3 C:\xampp\htdocs\CI_AcevedoAriel\system\CodeIgniter.php(326): CodeIgniter\CodeIgniter->handleRequest(NULL, Object(Config\Cache), false)
#4 C:\xampp\htdocs\CI_AcevedoAriel\index.php(37): CodeIgniter\CodeIgniter->run()
#5 {main}
CRITICAL - 2022-06-14 22:48:06 --> Undefined index: detalle_cantidad
#0 C:\xampp\htdocs\CI_AcevedoAriel\app\Controllers\venta_Controller.php(18): CodeIgniter\Debug\Exceptions->errorHandler(8, 'Undefined index...', 'C:\\xampp\\htdocs...', 18, Array)
#1 C:\xampp\htdocs\CI_AcevedoAriel\system\CodeIgniter.php(832): App\Controllers\venta_Controller->guardar_ventas()
#2 C:\xampp\htdocs\CI_AcevedoAriel\system\CodeIgniter.php(419): CodeIgniter\CodeIgniter->runController(Object(App\Controllers\venta_Controller))
#3 C:\xampp\htdocs\CI_AcevedoAriel\system\CodeIgniter.php(326): CodeIgniter\CodeIgniter->handleRequest(NULL, Object(Config\Cache), false)
#4 C:\xampp\htdocs\CI_AcevedoAriel\index.php(37): CodeIgniter\CodeIgniter->run()
#5 {main}
CRITICAL - 2022-06-14 22:56:27 --> Undefined index: stock
#0 C:\xampp\htdocs\CI_AcevedoAriel\app\Controllers\venta_Controller.php(18): CodeIgniter\Debug\Exceptions->errorHandler(8, 'Undefined index...', 'C:\\xampp\\htdocs...', 18, Array)
#1 C:\xampp\htdocs\CI_AcevedoAriel\system\CodeIgniter.php(832): App\Controllers\venta_Controller->guardar_ventas()
#2 C:\xampp\htdocs\CI_AcevedoAriel\system\CodeIgniter.php(419): CodeIgniter\CodeIgniter->runController(Object(App\Controllers\venta_Controller))
#3 C:\xampp\htdocs\CI_AcevedoAriel\system\CodeIgniter.php(326): CodeIgniter\CodeIgniter->handleRequest(NULL, Object(Config\Cache), false)
#4 C:\xampp\htdocs\CI_AcevedoAriel\index.php(37): CodeIgniter\CodeIgniter->run()
#5 {main}
CRITICAL - 2022-06-14 22:56:48 --> Undefined index: stock
#0 C:\xampp\htdocs\CI_AcevedoAriel\app\Controllers\venta_Controller.php(18): CodeIgniter\Debug\Exceptions->errorHandler(8, 'Undefined index...', 'C:\\xampp\\htdocs...', 18, Array)
#1 C:\xampp\htdocs\CI_AcevedoAriel\system\CodeIgniter.php(832): App\Controllers\venta_Controller->guardar_ventas()
#2 C:\xampp\htdocs\CI_AcevedoAriel\system\CodeIgniter.php(419): CodeIgniter\CodeIgniter->runController(Object(App\Controllers\venta_Controller))
#3 C:\xampp\htdocs\CI_AcevedoAriel\system\CodeIgniter.php(326): CodeIgniter\CodeIgniter->handleRequest(NULL, Object(Config\Cache), false)
#4 C:\xampp\htdocs\CI_AcevedoAriel\index.php(37): CodeIgniter\CodeIgniter->run()
#5 {main}
CRITICAL - 2022-06-14 23:02:46 --> Undefined index: detalle_cantidad
#0 C:\xampp\htdocs\CI_AcevedoAriel\app\Controllers\venta_Controller.php(18): CodeIgniter\Debug\Exceptions->errorHandler(8, 'Undefined index...', 'C:\\xampp\\htdocs...', 18, Array)
#1 C:\xampp\htdocs\CI_AcevedoAriel\system\CodeIgniter.php(832): App\Controllers\venta_Controller->guardar_ventas()
#2 C:\xampp\htdocs\CI_AcevedoAriel\system\CodeIgniter.php(419): CodeIgniter\CodeIgniter->runController(Object(App\Controllers\venta_Controller))
#3 C:\xampp\htdocs\CI_AcevedoAriel\system\CodeIgniter.php(326): CodeIgniter\CodeIgniter->handleRequest(NULL, Object(Config\Cache), false)
#4 C:\xampp\htdocs\CI_AcevedoAriel\index.php(37): CodeIgniter\CodeIgniter->run()
#5 {main}
CRITICAL - 2022-06-14 23:03:40 --> Undefined index: venta_id
#0 C:\xampp\htdocs\CI_AcevedoAriel\app\Controllers\venta_Controller.php(18): CodeIgniter\Debug\Exceptions->errorHandler(8, 'Undefined index...', 'C:\\xampp\\htdocs...', 18, Array)
#1 C:\xampp\htdocs\CI_AcevedoAriel\system\CodeIgniter.php(832): App\Controllers\venta_Controller->guardar_ventas()
#2 C:\xampp\htdocs\CI_AcevedoAriel\system\CodeIgniter.php(419): CodeIgniter\CodeIgniter->runController(Object(App\Controllers\venta_Controller))
#3 C:\xampp\htdocs\CI_AcevedoAriel\system\CodeIgniter.php(326): CodeIgniter\CodeIgniter->handleRequest(NULL, Object(Config\Cache), false)
#4 C:\xampp\htdocs\CI_AcevedoAriel\index.php(37): CodeIgniter\CodeIgniter->run()
#5 {main}
CRITICAL - 2022-06-14 23:04:18 --> Object of class App\Models\venta_Model could not be converted to string
#0 C:\xampp\htdocs\CI_AcevedoAriel\system\Database\Query.php(318): strtr('INSERT INTO `de...', Array)
#1 C:\xampp\htdocs\CI_AcevedoAriel\system\Database\Query.php(293): CodeIgniter\Database\Query->matchNamedBinds('INSERT INTO `de...', Array)
#2 C:\xampp\htdocs\CI_AcevedoAriel\system\Database\Query.php(150): CodeIgniter\Database\Query->compileBinds()
#3 C:\xampp\htdocs\CI_AcevedoAriel\system\Database\BaseConnection.php(598): CodeIgniter\Database\Query->getQuery()
#4 C:\xampp\htdocs\CI_AcevedoAriel\system\Database\BaseBuilder.php(1771): CodeIgniter\Database\BaseConnection->query('INSERT INTO `de...', Array, false)
#5 C:\xampp\htdocs\CI_AcevedoAriel\system\Model.php(239): CodeIgniter\Database\BaseBuilder->insert()
#6 C:\xampp\htdocs\CI_AcevedoAriel\system\BaseModel.php(738): CodeIgniter\Model->doInsert(Array)
#7 C:\xampp\htdocs\CI_AcevedoAriel\system\Model.php(625): CodeIgniter\BaseModel->insert(Array, true)
#8 C:\xampp\htdocs\CI_AcevedoAriel\app\Controllers\venta_Controller.php(38): CodeIgniter\Model->insert(Array)
#9 C:\xampp\htdocs\CI_AcevedoAriel\system\CodeIgniter.php(832): App\Controllers\venta_Controller->guardar_ventas()
#10 C:\xampp\htdocs\CI_AcevedoAriel\system\CodeIgniter.php(419): CodeIgniter\CodeIgniter->runController(Object(App\Controllers\venta_Controller))
#11 C:\xampp\htdocs\CI_AcevedoAriel\system\CodeIgniter.php(326): CodeIgniter\CodeIgniter->handleRequest(NULL, Object(Config\Cache), false)
#12 C:\xampp\htdocs\CI_AcevedoAriel\index.php(37): CodeIgniter\CodeIgniter->run()
#13 {main}
CRITICAL - 2022-06-14 23:05:34 --> Object of class App\Models\venta_Model could not be converted to string
#0 C:\xampp\htdocs\CI_AcevedoAriel\system\Database\Query.php(318): strtr('INSERT INTO `de...', Array)
#1 C:\xampp\htdocs\CI_AcevedoAriel\system\Database\Query.php(293): CodeIgniter\Database\Query->matchNamedBinds('INSERT INTO `de...', Array)
#2 C:\xampp\htdocs\CI_AcevedoAriel\system\Database\Query.php(150): CodeIgniter\Database\Query->compileBinds()
#3 C:\xampp\htdocs\CI_AcevedoAriel\system\Database\BaseConnection.php(598): CodeIgniter\Database\Query->getQuery()
#4 C:\xampp\htdocs\CI_AcevedoAriel\system\Database\BaseBuilder.php(1771): CodeIgniter\Database\BaseConnection->query('INSERT INTO `de...', Array, false)
#5 C:\xampp\htdocs\CI_AcevedoAriel\system\Model.php(239): CodeIgniter\Database\BaseBuilder->insert()
#6 C:\xampp\htdocs\CI_AcevedoAriel\system\BaseModel.php(738): CodeIgniter\Model->doInsert(Array)
#7 C:\xampp\htdocs\CI_AcevedoAriel\system\Model.php(625): CodeIgniter\BaseModel->insert(Array, true)
#8 C:\xampp\htdocs\CI_AcevedoAriel\app\Controllers\venta_Controller.php(38): CodeIgniter\Model->insert(Array)
#9 C:\xampp\htdocs\CI_AcevedoAriel\system\CodeIgniter.php(832): App\Controllers\venta_Controller->guardar_ventas()
#10 C:\xampp\htdocs\CI_AcevedoAriel\system\CodeIgniter.php(419): CodeIgniter\CodeIgniter->runController(Object(App\Controllers\venta_Controller))
#11 C:\xampp\htdocs\CI_AcevedoAriel\system\CodeIgniter.php(326): CodeIgniter\CodeIgniter->handleRequest(NULL, Object(Config\Cache), false)
#12 C:\xampp\htdocs\CI_AcevedoAriel\index.php(37): CodeIgniter\CodeIgniter->run()
#13 {main}
CRITICAL - 2022-06-14 23:07:33 --> Object of class App\Models\venta_Model could not be converted to string
#0 C:\xampp\htdocs\CI_AcevedoAriel\system\Database\Query.php(318): strtr('INSERT INTO `de...', Array)
#1 C:\xampp\htdocs\CI_AcevedoAriel\system\Database\Query.php(293): CodeIgniter\Database\Query->matchNamedBinds('INSERT INTO `de...', Array)
#2 C:\xampp\htdocs\CI_AcevedoAriel\system\Database\Query.php(150): CodeIgniter\Database\Query->compileBinds()
#3 C:\xampp\htdocs\CI_AcevedoAriel\system\Database\BaseConnection.php(598): CodeIgniter\Database\Query->getQuery()
#4 C:\xampp\htdocs\CI_AcevedoAriel\system\Database\BaseBuilder.php(1771): CodeIgniter\Database\BaseConnection->query('INSERT INTO `de...', Array, false)
#5 C:\xampp\htdocs\CI_AcevedoAriel\system\Model.php(239): CodeIgniter\Database\BaseBuilder->insert()
#6 C:\xampp\htdocs\CI_AcevedoAriel\system\BaseModel.php(738): CodeIgniter\Model->doInsert(Array)
#7 C:\xampp\htdocs\CI_AcevedoAriel\system\Model.php(625): CodeIgniter\BaseModel->insert(Array, true)
#8 C:\xampp\htdocs\CI_AcevedoAriel\app\Controllers\venta_Controller.php(38): CodeIgniter\Model->insert(Array)
#9 C:\xampp\htdocs\CI_AcevedoAriel\system\CodeIgniter.php(832): App\Controllers\venta_Controller->guardar_ventas()
#10 C:\xampp\htdocs\CI_AcevedoAriel\system\CodeIgniter.php(419): CodeIgniter\CodeIgniter->runController(Object(App\Controllers\venta_Controller))
#11 C:\xampp\htdocs\CI_AcevedoAriel\system\CodeIgniter.php(326): CodeIgniter\CodeIgniter->handleRequest(NULL, Object(Config\Cache), false)
#12 C:\xampp\htdocs\CI_AcevedoAriel\index.php(37): CodeIgniter\CodeIgniter->run()
#13 {main}
CRITICAL - 2022-06-14 23:27:28 --> Undefined variable: detalle_ventas
#0 C:\xampp\htdocs\CI_AcevedoAriel\app\Controllers\venta_Controller.php(38): CodeIgniter\Debug\Exceptions->errorHandler(8, 'Undefined varia...', 'C:\\xampp\\htdocs...', 38, Array)
#1 C:\xampp\htdocs\CI_AcevedoAriel\system\CodeIgniter.php(832): App\Controllers\venta_Controller->guardar_ventas()
#2 C:\xampp\htdocs\CI_AcevedoAriel\system\CodeIgniter.php(419): CodeIgniter\CodeIgniter->runController(Object(App\Controllers\venta_Controller))
#3 C:\xampp\htdocs\CI_AcevedoAriel\system\CodeIgniter.php(326): CodeIgniter\CodeIgniter->handleRequest(NULL, Object(Config\Cache), false)
#4 C:\xampp\htdocs\CI_AcevedoAriel\index.php(37): CodeIgniter\CodeIgniter->run()
#5 {main}
CRITICAL - 2022-06-14 23:27:53 --> Object of class App\Models\venta_Model could not be converted to string
#0 C:\xampp\htdocs\CI_AcevedoAriel\system\Database\Query.php(318): strtr('INSERT INTO `de...', Array)
#1 C:\xampp\htdocs\CI_AcevedoAriel\system\Database\Query.php(293): CodeIgniter\Database\Query->matchNamedBinds('INSERT INTO `de...', Array)
#2 C:\xampp\htdocs\CI_AcevedoAriel\system\Database\Query.php(150): CodeIgniter\Database\Query->compileBinds()
#3 C:\xampp\htdocs\CI_AcevedoAriel\system\Database\BaseConnection.php(598): CodeIgniter\Database\Query->getQuery()
#4 C:\xampp\htdocs\CI_AcevedoAriel\system\Database\BaseBuilder.php(1771): CodeIgniter\Database\BaseConnection->query('INSERT INTO `de...', Array, false)
#5 C:\xampp\htdocs\CI_AcevedoAriel\system\Model.php(239): CodeIgniter\Database\BaseBuilder->insert()
#6 C:\xampp\htdocs\CI_AcevedoAriel\system\BaseModel.php(738): CodeIgniter\Model->doInsert(Array)
#7 C:\xampp\htdocs\CI_AcevedoAriel\system\Model.php(625): CodeIgniter\BaseModel->insert(Array, true)
#8 C:\xampp\htdocs\CI_AcevedoAriel\app\Controllers\venta_Controller.php(38): CodeIgniter\Model->insert(Array)
#9 C:\xampp\htdocs\CI_AcevedoAriel\system\CodeIgniter.php(832): App\Controllers\venta_Controller->guardar_ventas()
#10 C:\xampp\htdocs\CI_AcevedoAriel\system\CodeIgniter.php(419): CodeIgniter\CodeIgniter->runController(Object(App\Controllers\venta_Controller))
#11 C:\xampp\htdocs\CI_AcevedoAriel\system\CodeIgniter.php(326): CodeIgniter\CodeIgniter->handleRequest(NULL, Object(Config\Cache), false)
#12 C:\xampp\htdocs\CI_AcevedoAriel\index.php(37): CodeIgniter\CodeIgniter->run()
#13 {main}
CRITICAL - 2022-06-14 23:28:42 --> Undefined index: stock
#0 C:\xampp\htdocs\CI_AcevedoAriel\app\Controllers\venta_Controller.php(18): CodeIgniter\Debug\Exceptions->errorHandler(8, 'Undefined index...', 'C:\\xampp\\htdocs...', 18, Array)
#1 C:\xampp\htdocs\CI_AcevedoAriel\system\CodeIgniter.php(832): App\Controllers\venta_Controller->guardar_ventas()
#2 C:\xampp\htdocs\CI_AcevedoAriel\system\CodeIgniter.php(419): CodeIgniter\CodeIgniter->runController(Object(App\Controllers\venta_Controller))
#3 C:\xampp\htdocs\CI_AcevedoAriel\system\CodeIgniter.php(326): CodeIgniter\CodeIgniter->handleRequest(NULL, Object(Config\Cache), false)
#4 C:\xampp\htdocs\CI_AcevedoAriel\index.php(37): CodeIgniter\CodeIgniter->run()
#5 {main}
CRITICAL - 2022-06-14 23:28:49 --> Object of class App\Models\venta_Model could not be converted to string
#0 C:\xampp\htdocs\CI_AcevedoAriel\system\Database\Query.php(318): strtr('INSERT INTO `de...', Array)
#1 C:\xampp\htdocs\CI_AcevedoAriel\system\Database\Query.php(293): CodeIgniter\Database\Query->matchNamedBinds('INSERT INTO `de...', Array)
#2 C:\xampp\htdocs\CI_AcevedoAriel\system\Database\Query.php(150): CodeIgniter\Database\Query->compileBinds()
#3 C:\xampp\htdocs\CI_AcevedoAriel\system\Database\BaseConnection.php(598): CodeIgniter\Database\Query->getQuery()
#4 C:\xampp\htdocs\CI_AcevedoAriel\system\Database\BaseBuilder.php(1771): CodeIgniter\Database\BaseConnection->query('INSERT INTO `de...', Array, false)
#5 C:\xampp\htdocs\CI_AcevedoAriel\system\Model.php(239): CodeIgniter\Database\BaseBuilder->insert()
#6 C:\xampp\htdocs\CI_AcevedoAriel\system\BaseModel.php(738): CodeIgniter\Model->doInsert(Array)
#7 C:\xampp\htdocs\CI_AcevedoAriel\system\Model.php(625): CodeIgniter\BaseModel->insert(Array, true)
#8 C:\xampp\htdocs\CI_AcevedoAriel\app\Controllers\venta_Controller.php(38): CodeIgniter\Model->insert(Array)
#9 C:\xampp\htdocs\CI_AcevedoAriel\system\CodeIgniter.php(832): App\Controllers\venta_Controller->guardar_ventas()
#10 C:\xampp\htdocs\CI_AcevedoAriel\system\CodeIgniter.php(419): CodeIgniter\CodeIgniter->runController(Object(App\Controllers\venta_Controller))
#11 C:\xampp\htdocs\CI_AcevedoAriel\system\CodeIgniter.php(326): CodeIgniter\CodeIgniter->handleRequest(NULL, Object(Config\Cache), false)
#12 C:\xampp\htdocs\CI_AcevedoAriel\index.php(37): CodeIgniter\CodeIgniter->run()
#13 {main}
CRITICAL - 2022-06-14 23:31:56 --> Object of class App\Models\venta_Model could not be converted to string
#0 C:\xampp\htdocs\CI_AcevedoAriel\system\Database\Query.php(318): strtr('INSERT INTO `de...', Array)
#1 C:\xampp\htdocs\CI_AcevedoAriel\system\Database\Query.php(293): CodeIgniter\Database\Query->matchNamedBinds('INSERT INTO `de...', Array)
#2 C:\xampp\htdocs\CI_AcevedoAriel\system\Database\Query.php(150): CodeIgniter\Database\Query->compileBinds()
#3 C:\xampp\htdocs\CI_AcevedoAriel\system\Database\BaseConnection.php(598): CodeIgniter\Database\Query->getQuery()
#4 C:\xampp\htdocs\CI_AcevedoAriel\system\Database\BaseBuilder.php(1771): CodeIgniter\Database\BaseConnection->query('INSERT INTO `de...', Array, false)
#5 C:\xampp\htdocs\CI_AcevedoAriel\system\Model.php(239): CodeIgniter\Database\BaseBuilder->insert()
#6 C:\xampp\htdocs\CI_AcevedoAriel\system\BaseModel.php(738): CodeIgniter\Model->doInsert(Array)
#7 C:\xampp\htdocs\CI_AcevedoAriel\system\Model.php(625): CodeIgniter\BaseModel->insert(Array, true)
#8 C:\xampp\htdocs\CI_AcevedoAriel\app\Controllers\venta_Controller.php(37): CodeIgniter\Model->insert(Array)
#9 C:\xampp\htdocs\CI_AcevedoAriel\system\CodeIgniter.php(832): App\Controllers\venta_Controller->guardar_ventas()
#10 C:\xampp\htdocs\CI_AcevedoAriel\system\CodeIgniter.php(419): CodeIgniter\CodeIgniter->runController(Object(App\Controllers\venta_Controller))
#11 C:\xampp\htdocs\CI_AcevedoAriel\system\CodeIgniter.php(326): CodeIgniter\CodeIgniter->handleRequest(NULL, Object(Config\Cache), false)
#12 C:\xampp\htdocs\CI_AcevedoAriel\index.php(37): CodeIgniter\CodeIgniter->run()
#13 {main}
CRITICAL - 2022-06-14 23:32:55 --> Object of class App\Models\venta_Model could not be converted to string
#0 C:\xampp\htdocs\CI_AcevedoAriel\system\Database\Query.php(318): strtr('INSERT INTO `de...', Array)
#1 C:\xampp\htdocs\CI_AcevedoAriel\system\Database\Query.php(293): CodeIgniter\Database\Query->matchNamedBinds('INSERT INTO `de...', Array)
#2 C:\xampp\htdocs\CI_AcevedoAriel\system\Database\Query.php(150): CodeIgniter\Database\Query->compileBinds()
#3 C:\xampp\htdocs\CI_AcevedoAriel\system\Database\BaseConnection.php(598): CodeIgniter\Database\Query->getQuery()
#4 C:\xampp\htdocs\CI_AcevedoAriel\system\Database\BaseBuilder.php(1771): CodeIgniter\Database\BaseConnection->query('INSERT INTO `de...', Array, false)
#5 C:\xampp\htdocs\CI_AcevedoAriel\system\Model.php(239): CodeIgniter\Database\BaseBuilder->insert()
#6 C:\xampp\htdocs\CI_AcevedoAriel\system\BaseModel.php(738): CodeIgniter\Model->doInsert(Array)
#7 C:\xampp\htdocs\CI_AcevedoAriel\system\Model.php(625): CodeIgniter\BaseModel->insert(Array, true)
#8 C:\xampp\htdocs\CI_AcevedoAriel\app\Controllers\venta_Controller.php(37): CodeIgniter\Model->insert(Array)
#9 C:\xampp\htdocs\CI_AcevedoAriel\system\CodeIgniter.php(832): App\Controllers\venta_Controller->guardar_ventas()
#10 C:\xampp\htdocs\CI_AcevedoAriel\system\CodeIgniter.php(419): CodeIgniter\CodeIgniter->runController(Object(App\Controllers\venta_Controller))
#11 C:\xampp\htdocs\CI_AcevedoAriel\system\CodeIgniter.php(326): CodeIgniter\CodeIgniter->handleRequest(NULL, Object(Config\Cache), false)
#12 C:\xampp\htdocs\CI_AcevedoAriel\index.php(37): CodeIgniter\CodeIgniter->run()
#13 {main}
CRITICAL - 2022-06-14 23:49:45 --> Object of class App\Models\venta_Model could not be converted to string
#0 C:\xampp\htdocs\CI_AcevedoAriel\system\Database\Query.php(318): strtr('INSERT INTO `de...', Array)
#1 C:\xampp\htdocs\CI_AcevedoAriel\system\Database\Query.php(293): CodeIgniter\Database\Query->matchNamedBinds('INSERT INTO `de...', Array)
#2 C:\xampp\htdocs\CI_AcevedoAriel\system\Database\Query.php(150): CodeIgniter\Database\Query->compileBinds()
#3 C:\xampp\htdocs\CI_AcevedoAriel\system\Database\BaseConnection.php(598): CodeIgniter\Database\Query->getQuery()
#4 C:\xampp\htdocs\CI_AcevedoAriel\system\Database\BaseBuilder.php(1771): CodeIgniter\Database\BaseConnection->query('INSERT INTO `de...', Array, false)
#5 C:\xampp\htdocs\CI_AcevedoAriel\system\Model.php(239): CodeIgniter\Database\BaseBuilder->insert()
#6 C:\xampp\htdocs\CI_AcevedoAriel\system\BaseModel.php(738): CodeIgniter\Model->doInsert(Array)
#7 C:\xampp\htdocs\CI_AcevedoAriel\system\Model.php(625): CodeIgniter\BaseModel->insert(Array, true)
#8 C:\xampp\htdocs\CI_AcevedoAriel\app\Controllers\venta_Controller.php(37): CodeIgniter\Model->insert(Array)
#9 C:\xampp\htdocs\CI_AcevedoAriel\system\CodeIgniter.php(832): App\Controllers\venta_Controller->guardar_ventas()
#10 C:\xampp\htdocs\CI_AcevedoAriel\system\CodeIgniter.php(419): CodeIgniter\CodeIgniter->runController(Object(App\Controllers\venta_Controller))
#11 C:\xampp\htdocs\CI_AcevedoAriel\system\CodeIgniter.php(326): CodeIgniter\CodeIgniter->handleRequest(NULL, Object(Config\Cache), false)
#12 C:\xampp\htdocs\CI_AcevedoAriel\index.php(37): CodeIgniter\CodeIgniter->run()
#13 {main}
CRITICAL - 2022-06-14 23:58:56 --> Object of class App\Models\venta_Model could not be converted to string
#0 C:\xampp\htdocs\CI_AcevedoAriel\system\Database\Query.php(318): strtr('INSERT INTO `de...', Array)
#1 C:\xampp\htdocs\CI_AcevedoAriel\system\Database\Query.php(293): CodeIgniter\Database\Query->matchNamedBinds('INSERT INTO `de...', Array)
#2 C:\xampp\htdocs\CI_AcevedoAriel\system\Database\Query.php(150): CodeIgniter\Database\Query->compileBinds()
#3 C:\xampp\htdocs\CI_AcevedoAriel\system\Database\BaseConnection.php(598): CodeIgniter\Database\Query->getQuery()
#4 C:\xampp\htdocs\CI_AcevedoAriel\system\Database\BaseBuilder.php(1771): CodeIgniter\Database\BaseConnection->query('INSERT INTO `de...', Array, false)
#5 C:\xampp\htdocs\CI_AcevedoAriel\system\Model.php(239): CodeIgniter\Database\BaseBuilder->insert()
#6 C:\xampp\htdocs\CI_AcevedoAriel\system\BaseModel.php(738): CodeIgniter\Model->doInsert(Array)
#7 C:\xampp\htdocs\CI_AcevedoAriel\system\Model.php(625): CodeIgniter\BaseModel->insert(Array, true)
#8 C:\xampp\htdocs\CI_AcevedoAriel\app\Controllers\venta_Controller.php(38): CodeIgniter\Model->insert(Array)
#9 C:\xampp\htdocs\CI_AcevedoAriel\system\CodeIgniter.php(832): App\Controllers\venta_Controller->guardar_ventas()
#10 C:\xampp\htdocs\CI_AcevedoAriel\system\CodeIgniter.php(419): CodeIgniter\CodeIgniter->runController(Object(App\Controllers\venta_Controller))
#11 C:\xampp\htdocs\CI_AcevedoAriel\system\CodeIgniter.php(326): CodeIgniter\CodeIgniter->handleRequest(NULL, Object(Config\Cache), false)
#12 C:\xampp\htdocs\CI_AcevedoAriel\index.php(37): CodeIgniter\CodeIgniter->run()
#13 {main}
