CRITICAL - 2022-04-14 11:08:40 --> syntax error, unexpected 'echo' (T_ECHO), expecting ';' or ','
#0 C:\xampp\htdocs\primer_proyecto\system\Autoloader\Autoloader.php(241): CodeIgniter\Autoloader\Autoloader->includeFile('C:\\xampp\\htdocs...')
#1 C:\xampp\htdocs\primer_proyecto\system\Autoloader\Autoloader.php(219): CodeIgniter\Autoloader\Autoloader->loadInNamespace('App\\Controllers...')
#2 [internal function]: CodeIgniter\Autoloader\Autoloader->loadClass('App\\Controllers...')
#3 [internal function]: spl_autoload_call('App\\Controllers...')
#4 C:\xampp\htdocs\primer_proyecto\system\CodeIgniter.php(797): class_exists('\\App\\Controller...', true)
#5 C:\xampp\htdocs\primer_proyecto\system\CodeIgniter.php(406): CodeIgniter\CodeIgniter->startController()
#6 C:\xampp\htdocs\primer_proyecto\system\CodeIgniter.php(326): CodeIgniter\CodeIgniter->handleRequest(NULL, Object(Config\Cache), false)
#7 C:\xampp\htdocs\primer_proyecto\index.php(37): CodeIgniter\CodeIgniter->run()
#8 {main}
CRITICAL - 2022-04-14 11:25:19 --> Call to undefined function echo_url()
#0 C:\xampp\htdocs\primer_proyecto\system\View\View.php(210): include()
#1 C:\xampp\htdocs\primer_proyecto\system\View\View.php(213): CodeIgniter\View\View->CodeIgniter\View\{closure}()
#2 C:\xampp\htdocs\primer_proyecto\system\Common.php(1089): CodeIgniter\View\View->render('plantillas/foot...', Array, true)
#3 C:\xampp\htdocs\primer_proyecto\app\Controllers\Home.php(12): view('plantillas/foot...')
#4 C:\xampp\htdocs\primer_proyecto\system\CodeIgniter.php(832): App\Controllers\Home->index()
#5 C:\xampp\htdocs\primer_proyecto\system\CodeIgniter.php(419): CodeIgniter\CodeIgniter->runController(Object(App\Controllers\Home))
#6 C:\xampp\htdocs\primer_proyecto\system\CodeIgniter.php(326): CodeIgniter\CodeIgniter->handleRequest(NULL, Object(Config\Cache), false)
#7 C:\xampp\htdocs\primer_proyecto\index.php(37): CodeIgniter\CodeIgniter->run()
#8 {main}
