CRITICAL - 2022-06-08 10:14:02 --> Undefined variable: consulta
#0 C:\xampp\htdocs\CI_AcevedoAriel\app\Views\backEnd\ver_consultas_view.php(17): CodeIgniter\Debug\Exceptions->errorHandler(8, 'Undefined varia...', 'C:\\xampp\\htdocs...', 17, Array)
#1 C:\xampp\htdocs\CI_AcevedoAriel\system\View\View.php(210): include('C:\\xampp\\htdocs...')
#2 C:\xampp\htdocs\CI_AcevedoAriel\system\View\View.php(213): CodeIgniter\View\View->CodeIgniter\View\{closure}()
#3 C:\xampp\htdocs\CI_AcevedoAriel\system\Common.php(1089): CodeIgniter\View\View->render('backEnd/ver_con...', Array, true)
#4 C:\xampp\htdocs\CI_AcevedoAriel\app\Controllers\Consulta_Controller.php(86): view('backEnd/ver_con...')
#5 C:\xampp\htdocs\CI_AcevedoAriel\system\CodeIgniter.php(832): App\Controllers\Consulta_Controller->ver_consulta()
#6 C:\xampp\htdocs\CI_AcevedoAriel\system\CodeIgniter.php(419): CodeIgniter\CodeIgniter->runController(Object(App\Controllers\Consulta_Controller))
#7 C:\xampp\htdocs\CI_AcevedoAriel\system\CodeIgniter.php(326): CodeIgniter\CodeIgniter->handleRequest(NULL, Object(Config\Cache), false)
#8 C:\xampp\htdocs\CI_AcevedoAriel\index.php(37): CodeIgniter\CodeIgniter->run()
#9 {main}
CRITICAL - 2022-06-08 10:22:25 --> Undefined variable: consulta
#0 C:\xampp\htdocs\CI_AcevedoAriel\app\Views\backEnd\ver_consultas_view.php(17): CodeIgniter\Debug\Exceptions->errorHandler(8, 'Undefined varia...', 'C:\\xampp\\htdocs...', 17, Array)
#1 C:\xampp\htdocs\CI_AcevedoAriel\system\View\View.php(210): include('C:\\xampp\\htdocs...')
#2 C:\xampp\htdocs\CI_AcevedoAriel\system\View\View.php(213): CodeIgniter\View\View->CodeIgniter\View\{closure}()
#3 C:\xampp\htdocs\CI_AcevedoAriel\system\Common.php(1089): CodeIgniter\View\View->render('backEnd/ver_con...', Array, true)
#4 C:\xampp\htdocs\CI_AcevedoAriel\app\Controllers\Consulta_Controller.php(86): view('backEnd/ver_con...')
#5 C:\xampp\htdocs\CI_AcevedoAriel\system\CodeIgniter.php(832): App\Controllers\Consulta_Controller->ver_consulta()
#6 C:\xampp\htdocs\CI_AcevedoAriel\system\CodeIgniter.php(419): CodeIgniter\CodeIgniter->runController(Object(App\Controllers\Consulta_Controller))
#7 C:\xampp\htdocs\CI_AcevedoAriel\system\CodeIgniter.php(326): CodeIgniter\CodeIgniter->handleRequest(NULL, Object(Config\Cache), false)
#8 C:\xampp\htdocs\CI_AcevedoAriel\index.php(37): CodeIgniter\CodeIgniter->run()
#9 {main}
CRITICAL - 2022-06-08 10:25:52 --> Undefined variable: consulta
#0 C:\xampp\htdocs\CI_AcevedoAriel\app\Views\backEnd\ver_consultas_view.php(17): CodeIgniter\Debug\Exceptions->errorHandler(8, 'Undefined varia...', 'C:\\xampp\\htdocs...', 17, Array)
#1 C:\xampp\htdocs\CI_AcevedoAriel\system\View\View.php(210): include('C:\\xampp\\htdocs...')
#2 C:\xampp\htdocs\CI_AcevedoAriel\system\View\View.php(213): CodeIgniter\View\View->CodeIgniter\View\{closure}()
#3 C:\xampp\htdocs\CI_AcevedoAriel\system\Common.php(1089): CodeIgniter\View\View->render('backEnd/ver_con...', Array, true)
#4 C:\xampp\htdocs\CI_AcevedoAriel\app\Controllers\Consulta_Controller.php(88): view('backEnd/ver_con...')
#5 C:\xampp\htdocs\CI_AcevedoAriel\system\CodeIgniter.php(832): App\Controllers\Consulta_Controller->ver_consulta()
#6 C:\xampp\htdocs\CI_AcevedoAriel\system\CodeIgniter.php(419): CodeIgniter\CodeIgniter->runController(Object(App\Controllers\Consulta_Controller))
#7 C:\xampp\htdocs\CI_AcevedoAriel\system\CodeIgniter.php(326): CodeIgniter\CodeIgniter->handleRequest(NULL, Object(Config\Cache), false)
#8 C:\xampp\htdocs\CI_AcevedoAriel\index.php(37): CodeIgniter\CodeIgniter->run()
#9 {main}
ERROR - 2022-06-08 22:00:27 --> Operand should contain 1 column(s)
CRITICAL - 2022-06-08 22:00:27 --> Operand should contain 1 column(s)
#0 C:\xampp\htdocs\CI_AcevedoAriel\system\Database\MySQLi\Connection.php(292): mysqli->query('UPDATE `product...', 0)
#1 C:\xampp\htdocs\CI_AcevedoAriel\system\Database\BaseConnection.php(670): CodeIgniter\Database\MySQLi\Connection->execute('UPDATE `product...')
#2 C:\xampp\htdocs\CI_AcevedoAriel\system\Database\BaseConnection.php(598): CodeIgniter\Database\BaseConnection->simpleQuery('UPDATE `product...')
#3 C:\xampp\htdocs\CI_AcevedoAriel\system\Database\BaseBuilder.php(1913): CodeIgniter\Database\BaseConnection->query('UPDATE `product...', Array, false)
#4 C:\xampp\htdocs\CI_AcevedoAriel\system\Model.php(298): CodeIgniter\Database\BaseBuilder->update()
#5 C:\xampp\htdocs\CI_AcevedoAriel\system\BaseModel.php(865): CodeIgniter\Model->doUpdate(NULL, Array)
#6 C:\xampp\htdocs\CI_AcevedoAriel\system\Model.php(651): CodeIgniter\BaseModel->update(NULL, Array)
#7 C:\xampp\htdocs\CI_AcevedoAriel\app\Controllers\Producto_Controller.php(139): CodeIgniter\Model->update(NULL, Array)
#8 C:\xampp\htdocs\CI_AcevedoAriel\system\CodeIgniter.php(832): App\Controllers\Producto_Controller->actualizar_producto()
#9 C:\xampp\htdocs\CI_AcevedoAriel\system\CodeIgniter.php(419): CodeIgniter\CodeIgniter->runController(Object(App\Controllers\Producto_Controller))
#10 C:\xampp\htdocs\CI_AcevedoAriel\system\CodeIgniter.php(326): CodeIgniter\CodeIgniter->handleRequest(NULL, Object(Config\Cache), false)
#11 C:\xampp\htdocs\CI_AcevedoAriel\index.php(37): CodeIgniter\CodeIgniter->run()
#12 {main}
CRITICAL - 2022-06-08 22:02:07 --> Undefined variable: categorias
#0 C:\xampp\htdocs\CI_AcevedoAriel\app\Views\backEnd\producto\editar_producto_view.php(41): CodeIgniter\Debug\Exceptions->errorHandler(8, 'Undefined varia...', 'C:\\xampp\\htdocs...', 41, Array)
#1 C:\xampp\htdocs\CI_AcevedoAriel\system\View\View.php(210): include('C:\\xampp\\htdocs...')
#2 C:\xampp\htdocs\CI_AcevedoAriel\system\View\View.php(213): CodeIgniter\View\View->CodeIgniter\View\{closure}()
#3 C:\xampp\htdocs\CI_AcevedoAriel\system\Common.php(1089): CodeIgniter\View\View->render('backEnd/product...', Array, true)
#4 C:\xampp\htdocs\CI_AcevedoAriel\app\Controllers\Producto_Controller.php(122): view('backEnd/product...')
#5 C:\xampp\htdocs\CI_AcevedoAriel\system\CodeIgniter.php(832): App\Controllers\Producto_Controller->editar_producto('7')
#6 C:\xampp\htdocs\CI_AcevedoAriel\system\CodeIgniter.php(419): CodeIgniter\CodeIgniter->runController(Object(App\Controllers\Producto_Controller))
#7 C:\xampp\htdocs\CI_AcevedoAriel\system\CodeIgniter.php(326): CodeIgniter\CodeIgniter->handleRequest(NULL, Object(Config\Cache), false)
#8 C:\xampp\htdocs\CI_AcevedoAriel\index.php(37): CodeIgniter\CodeIgniter->run()
#9 {main}
ERROR - 2022-06-08 22:09:59 --> Operand should contain 1 column(s)
CRITICAL - 2022-06-08 22:09:59 --> Operand should contain 1 column(s)
#0 C:\xampp\htdocs\CI_AcevedoAriel\system\Database\MySQLi\Connection.php(292): mysqli->query('UPDATE `product...', 0)
#1 C:\xampp\htdocs\CI_AcevedoAriel\system\Database\BaseConnection.php(670): CodeIgniter\Database\MySQLi\Connection->execute('UPDATE `product...')
#2 C:\xampp\htdocs\CI_AcevedoAriel\system\Database\BaseConnection.php(598): CodeIgniter\Database\BaseConnection->simpleQuery('UPDATE `product...')
#3 C:\xampp\htdocs\CI_AcevedoAriel\system\Database\BaseBuilder.php(1913): CodeIgniter\Database\BaseConnection->query('UPDATE `product...', Array, false)
#4 C:\xampp\htdocs\CI_AcevedoAriel\system\Model.php(298): CodeIgniter\Database\BaseBuilder->update()
#5 C:\xampp\htdocs\CI_AcevedoAriel\system\BaseModel.php(865): CodeIgniter\Model->doUpdate(NULL, Array)
#6 C:\xampp\htdocs\CI_AcevedoAriel\system\Model.php(651): CodeIgniter\BaseModel->update(NULL, Array)
#7 C:\xampp\htdocs\CI_AcevedoAriel\app\Controllers\Producto_Controller.php(139): CodeIgniter\Model->update(NULL, Array)
#8 C:\xampp\htdocs\CI_AcevedoAriel\system\CodeIgniter.php(832): App\Controllers\Producto_Controller->actualizar_producto()
#9 C:\xampp\htdocs\CI_AcevedoAriel\system\CodeIgniter.php(419): CodeIgniter\CodeIgniter->runController(Object(App\Controllers\Producto_Controller))
#10 C:\xampp\htdocs\CI_AcevedoAriel\system\CodeIgniter.php(326): CodeIgniter\CodeIgniter->handleRequest(NULL, Object(Config\Cache), false)
#11 C:\xampp\htdocs\CI_AcevedoAriel\index.php(37): CodeIgniter\CodeIgniter->run()
#12 {main}
ERROR - 2022-06-08 22:10:52 --> Operand should contain 1 column(s)
CRITICAL - 2022-06-08 22:10:52 --> Operand should contain 1 column(s)
#0 C:\xampp\htdocs\CI_AcevedoAriel\system\Database\MySQLi\Connection.php(292): mysqli->query('UPDATE `product...', 0)
#1 C:\xampp\htdocs\CI_AcevedoAriel\system\Database\BaseConnection.php(670): CodeIgniter\Database\MySQLi\Connection->execute('UPDATE `product...')
#2 C:\xampp\htdocs\CI_AcevedoAriel\system\Database\BaseConnection.php(598): CodeIgniter\Database\BaseConnection->simpleQuery('UPDATE `product...')
#3 C:\xampp\htdocs\CI_AcevedoAriel\system\Database\BaseBuilder.php(1913): CodeIgniter\Database\BaseConnection->query('UPDATE `product...', Array, false)
#4 C:\xampp\htdocs\CI_AcevedoAriel\system\Model.php(298): CodeIgniter\Database\BaseBuilder->update()
#5 C:\xampp\htdocs\CI_AcevedoAriel\system\BaseModel.php(865): CodeIgniter\Model->doUpdate(NULL, Array)
#6 C:\xampp\htdocs\CI_AcevedoAriel\system\Model.php(651): CodeIgniter\BaseModel->update(NULL, Array)
#7 C:\xampp\htdocs\CI_AcevedoAriel\app\Controllers\Producto_Controller.php(139): CodeIgniter\Model->update(NULL, Array)
#8 C:\xampp\htdocs\CI_AcevedoAriel\system\CodeIgniter.php(832): App\Controllers\Producto_Controller->actualizar_producto()
#9 C:\xampp\htdocs\CI_AcevedoAriel\system\CodeIgniter.php(419): CodeIgniter\CodeIgniter->runController(Object(App\Controllers\Producto_Controller))
#10 C:\xampp\htdocs\CI_AcevedoAriel\system\CodeIgniter.php(326): CodeIgniter\CodeIgniter->handleRequest(NULL, Object(Config\Cache), false)
#11 C:\xampp\htdocs\CI_AcevedoAriel\index.php(37): CodeIgniter\CodeIgniter->run()
#12 {main}
ERROR - 2022-06-08 22:26:01 --> Operand should contain 1 column(s)
CRITICAL - 2022-06-08 22:26:01 --> Operand should contain 1 column(s)
#0 C:\xampp\htdocs\CI_AcevedoAriel\system\Database\MySQLi\Connection.php(292): mysqli->query('UPDATE `product...', 0)
#1 C:\xampp\htdocs\CI_AcevedoAriel\system\Database\BaseConnection.php(670): CodeIgniter\Database\MySQLi\Connection->execute('UPDATE `product...')
#2 C:\xampp\htdocs\CI_AcevedoAriel\system\Database\BaseConnection.php(598): CodeIgniter\Database\BaseConnection->simpleQuery('UPDATE `product...')
#3 C:\xampp\htdocs\CI_AcevedoAriel\system\Database\BaseBuilder.php(1913): CodeIgniter\Database\BaseConnection->query('UPDATE `product...', Array, false)
#4 C:\xampp\htdocs\CI_AcevedoAriel\system\Model.php(298): CodeIgniter\Database\BaseBuilder->update()
#5 C:\xampp\htdocs\CI_AcevedoAriel\system\BaseModel.php(865): CodeIgniter\Model->doUpdate(NULL, Array)
#6 C:\xampp\htdocs\CI_AcevedoAriel\system\Model.php(651): CodeIgniter\BaseModel->update(NULL, Array)
#7 C:\xampp\htdocs\CI_AcevedoAriel\app\Controllers\Producto_Controller.php(139): CodeIgniter\Model->update(NULL, Array)
#8 C:\xampp\htdocs\CI_AcevedoAriel\system\CodeIgniter.php(832): App\Controllers\Producto_Controller->actualizar_producto()
#9 C:\xampp\htdocs\CI_AcevedoAriel\system\CodeIgniter.php(419): CodeIgniter\CodeIgniter->runController(Object(App\Controllers\Producto_Controller))
#10 C:\xampp\htdocs\CI_AcevedoAriel\system\CodeIgniter.php(326): CodeIgniter\CodeIgniter->handleRequest(NULL, Object(Config\Cache), false)
#11 C:\xampp\htdocs\CI_AcevedoAriel\index.php(37): CodeIgniter\CodeIgniter->run()
#12 {main}
ERROR - 2022-06-08 22:31:55 --> Operand should contain 1 column(s)
CRITICAL - 2022-06-08 22:31:55 --> Operand should contain 1 column(s)
#0 C:\xampp\htdocs\CI_AcevedoAriel\system\Database\MySQLi\Connection.php(292): mysqli->query('UPDATE `product...', 0)
#1 C:\xampp\htdocs\CI_AcevedoAriel\system\Database\BaseConnection.php(670): CodeIgniter\Database\MySQLi\Connection->execute('UPDATE `product...')
#2 C:\xampp\htdocs\CI_AcevedoAriel\system\Database\BaseConnection.php(598): CodeIgniter\Database\BaseConnection->simpleQuery('UPDATE `product...')
#3 C:\xampp\htdocs\CI_AcevedoAriel\system\Database\BaseBuilder.php(1913): CodeIgniter\Database\BaseConnection->query('UPDATE `product...', Array, false)
#4 C:\xampp\htdocs\CI_AcevedoAriel\system\Model.php(298): CodeIgniter\Database\BaseBuilder->update()
#5 C:\xampp\htdocs\CI_AcevedoAriel\system\BaseModel.php(865): CodeIgniter\Model->doUpdate(NULL, Array)
#6 C:\xampp\htdocs\CI_AcevedoAriel\system\Model.php(651): CodeIgniter\BaseModel->update(NULL, Array)
#7 C:\xampp\htdocs\CI_AcevedoAriel\app\Controllers\Producto_Controller.php(139): CodeIgniter\Model->update(NULL, Array)
#8 C:\xampp\htdocs\CI_AcevedoAriel\system\CodeIgniter.php(832): App\Controllers\Producto_Controller->actualizar_producto()
#9 C:\xampp\htdocs\CI_AcevedoAriel\system\CodeIgniter.php(419): CodeIgniter\CodeIgniter->runController(Object(App\Controllers\Producto_Controller))
#10 C:\xampp\htdocs\CI_AcevedoAriel\system\CodeIgniter.php(326): CodeIgniter\CodeIgniter->handleRequest(NULL, Object(Config\Cache), false)
#11 C:\xampp\htdocs\CI_AcevedoAriel\index.php(37): CodeIgniter\CodeIgniter->run()
#12 {main}
CRITICAL - 2022-06-08 22:35:47 --> Undefined variable: validation
#0 C:\xampp\htdocs\CI_AcevedoAriel\app\Controllers\Producto_Controller.php(129): CodeIgniter\Debug\Exceptions->errorHandler(8, 'Undefined varia...', 'C:\\xampp\\htdocs...', 129, Array)
#1 C:\xampp\htdocs\CI_AcevedoAriel\system\CodeIgniter.php(832): App\Controllers\Producto_Controller->actualizar_producto()
#2 C:\xampp\htdocs\CI_AcevedoAriel\system\CodeIgniter.php(419): CodeIgniter\CodeIgniter->runController(Object(App\Controllers\Producto_Controller))
#3 C:\xampp\htdocs\CI_AcevedoAriel\system\CodeIgniter.php(326): CodeIgniter\CodeIgniter->handleRequest(NULL, Object(Config\Cache), false)
#4 C:\xampp\htdocs\CI_AcevedoAriel\index.php(37): CodeIgniter\CodeIgniter->run()
#5 {main}
CRITICAL - 2022-06-08 22:39:10 --> Undefined variable: validation
#0 C:\xampp\htdocs\CI_AcevedoAriel\app\Controllers\Producto_Controller.php(157): CodeIgniter\Debug\Exceptions->errorHandler(8, 'Undefined varia...', 'C:\\xampp\\htdocs...', 157, Array)
#1 C:\xampp\htdocs\CI_AcevedoAriel\system\CodeIgniter.php(832): App\Controllers\Producto_Controller->actualizar_producto()
#2 C:\xampp\htdocs\CI_AcevedoAriel\system\CodeIgniter.php(419): CodeIgniter\CodeIgniter->runController(Object(App\Controllers\Producto_Controller))
#3 C:\xampp\htdocs\CI_AcevedoAriel\system\CodeIgniter.php(326): CodeIgniter\CodeIgniter->handleRequest(NULL, Object(Config\Cache), false)
#4 C:\xampp\htdocs\CI_AcevedoAriel\index.php(37): CodeIgniter\CodeIgniter->run()
#5 {main}
ERROR - 2022-06-08 22:41:00 --> Operand should contain 1 column(s)
CRITICAL - 2022-06-08 22:41:00 --> Operand should contain 1 column(s)
#0 C:\xampp\htdocs\CI_AcevedoAriel\system\Database\MySQLi\Connection.php(292): mysqli->query('UPDATE `product...', 0)
#1 C:\xampp\htdocs\CI_AcevedoAriel\system\Database\BaseConnection.php(670): CodeIgniter\Database\MySQLi\Connection->execute('UPDATE `product...')
#2 C:\xampp\htdocs\CI_AcevedoAriel\system\Database\BaseConnection.php(598): CodeIgniter\Database\BaseConnection->simpleQuery('UPDATE `product...')
#3 C:\xampp\htdocs\CI_AcevedoAriel\system\Database\BaseBuilder.php(1913): CodeIgniter\Database\BaseConnection->query('UPDATE `product...', Array, false)
#4 C:\xampp\htdocs\CI_AcevedoAriel\system\Model.php(298): CodeIgniter\Database\BaseBuilder->update()
#5 C:\xampp\htdocs\CI_AcevedoAriel\system\BaseModel.php(865): CodeIgniter\Model->doUpdate(NULL, Array)
#6 C:\xampp\htdocs\CI_AcevedoAriel\system\Model.php(651): CodeIgniter\BaseModel->update(NULL, Array)
#7 C:\xampp\htdocs\CI_AcevedoAriel\app\Controllers\Producto_Controller.php(164): CodeIgniter\Model->update(NULL, Array)
#8 C:\xampp\htdocs\CI_AcevedoAriel\system\CodeIgniter.php(832): App\Controllers\Producto_Controller->actualizar_producto()
#9 C:\xampp\htdocs\CI_AcevedoAriel\system\CodeIgniter.php(419): CodeIgniter\CodeIgniter->runController(Object(App\Controllers\Producto_Controller))
#10 C:\xampp\htdocs\CI_AcevedoAriel\system\CodeIgniter.php(326): CodeIgniter\CodeIgniter->handleRequest(NULL, Object(Config\Cache), false)
#11 C:\xampp\htdocs\CI_AcevedoAriel\index.php(37): CodeIgniter\CodeIgniter->run()
#12 {main}
ERROR - 2022-06-08 22:45:08 --> Operand should contain 1 column(s)
CRITICAL - 2022-06-08 22:45:08 --> Operand should contain 1 column(s)
#0 C:\xampp\htdocs\CI_AcevedoAriel\system\Database\MySQLi\Connection.php(292): mysqli->query('INSERT INTO `pr...', 0)
#1 C:\xampp\htdocs\CI_AcevedoAriel\system\Database\BaseConnection.php(670): CodeIgniter\Database\MySQLi\Connection->execute('INSERT INTO `pr...')
#2 C:\xampp\htdocs\CI_AcevedoAriel\system\Database\BaseConnection.php(598): CodeIgniter\Database\BaseConnection->simpleQuery('INSERT INTO `pr...')
#3 C:\xampp\htdocs\CI_AcevedoAriel\system\Database\BaseBuilder.php(1771): CodeIgniter\Database\BaseConnection->query('INSERT INTO `pr...', Array, false)
#4 C:\xampp\htdocs\CI_AcevedoAriel\system\Model.php(239): CodeIgniter\Database\BaseBuilder->insert()
#5 C:\xampp\htdocs\CI_AcevedoAriel\system\BaseModel.php(738): CodeIgniter\Model->doInsert(Array)
#6 C:\xampp\htdocs\CI_AcevedoAriel\system\Model.php(625): CodeIgniter\BaseModel->insert(Array, true)
#7 C:\xampp\htdocs\CI_AcevedoAriel\app\Controllers\Producto_Controller.php(149): CodeIgniter\Model->insert(Array)
#8 C:\xampp\htdocs\CI_AcevedoAriel\system\CodeIgniter.php(832): App\Controllers\Producto_Controller->actualizar_producto()
#9 C:\xampp\htdocs\CI_AcevedoAriel\system\CodeIgniter.php(419): CodeIgniter\CodeIgniter->runController(Object(App\Controllers\Producto_Controller))
#10 C:\xampp\htdocs\CI_AcevedoAriel\system\CodeIgniter.php(326): CodeIgniter\CodeIgniter->handleRequest(NULL, Object(Config\Cache), false)
#11 C:\xampp\htdocs\CI_AcevedoAriel\index.php(37): CodeIgniter\CodeIgniter->run()
#12 {main}
ERROR - 2022-06-08 22:49:33 --> Operand should contain 1 column(s)
CRITICAL - 2022-06-08 22:49:33 --> Operand should contain 1 column(s)
#0 C:\xampp\htdocs\CI_AcevedoAriel\system\Database\MySQLi\Connection.php(292): mysqli->query('INSERT INTO `pr...', 0)
#1 C:\xampp\htdocs\CI_AcevedoAriel\system\Database\BaseConnection.php(670): CodeIgniter\Database\MySQLi\Connection->execute('INSERT INTO `pr...')
#2 C:\xampp\htdocs\CI_AcevedoAriel\system\Database\BaseConnection.php(598): CodeIgniter\Database\BaseConnection->simpleQuery('INSERT INTO `pr...')
#3 C:\xampp\htdocs\CI_AcevedoAriel\system\Database\BaseBuilder.php(1771): CodeIgniter\Database\BaseConnection->query('INSERT INTO `pr...', Array, false)
#4 C:\xampp\htdocs\CI_AcevedoAriel\system\Model.php(239): CodeIgniter\Database\BaseBuilder->insert()
#5 C:\xampp\htdocs\CI_AcevedoAriel\system\BaseModel.php(738): CodeIgniter\Model->doInsert(Array)
#6 C:\xampp\htdocs\CI_AcevedoAriel\system\Model.php(625): CodeIgniter\BaseModel->insert(Array, true)
#7 C:\xampp\htdocs\CI_AcevedoAriel\app\Controllers\Producto_Controller.php(149): CodeIgniter\Model->insert(Array)
#8 C:\xampp\htdocs\CI_AcevedoAriel\system\CodeIgniter.php(832): App\Controllers\Producto_Controller->actualizar_producto()
#9 C:\xampp\htdocs\CI_AcevedoAriel\system\CodeIgniter.php(419): CodeIgniter\CodeIgniter->runController(Object(App\Controllers\Producto_Controller))
#10 C:\xampp\htdocs\CI_AcevedoAriel\system\CodeIgniter.php(326): CodeIgniter\CodeIgniter->handleRequest(NULL, Object(Config\Cache), false)
#11 C:\xampp\htdocs\CI_AcevedoAriel\index.php(37): CodeIgniter\CodeIgniter->run()
#12 {main}
ERROR - 2022-06-08 23:38:39 --> Operand should contain 1 column(s)
CRITICAL - 2022-06-08 23:38:39 --> Operand should contain 1 column(s)
#0 C:\xampp\htdocs\CI_AcevedoAriel\system\Database\MySQLi\Connection.php(292): mysqli->query('UPDATE `product...', 0)
#1 C:\xampp\htdocs\CI_AcevedoAriel\system\Database\BaseConnection.php(670): CodeIgniter\Database\MySQLi\Connection->execute('UPDATE `product...')
#2 C:\xampp\htdocs\CI_AcevedoAriel\system\Database\BaseConnection.php(598): CodeIgniter\Database\BaseConnection->simpleQuery('UPDATE `product...')
#3 C:\xampp\htdocs\CI_AcevedoAriel\system\Database\BaseBuilder.php(1913): CodeIgniter\Database\BaseConnection->query('UPDATE `product...', Array, false)
#4 C:\xampp\htdocs\CI_AcevedoAriel\system\Model.php(298): CodeIgniter\Database\BaseBuilder->update()
#5 C:\xampp\htdocs\CI_AcevedoAriel\system\BaseModel.php(865): CodeIgniter\Model->doUpdate(NULL, Array)
#6 C:\xampp\htdocs\CI_AcevedoAriel\system\Model.php(651): CodeIgniter\BaseModel->update(NULL, Array)
#7 C:\xampp\htdocs\CI_AcevedoAriel\app\Controllers\Producto_Controller.php(139): CodeIgniter\Model->update(NULL, Array)
#8 C:\xampp\htdocs\CI_AcevedoAriel\system\CodeIgniter.php(832): App\Controllers\Producto_Controller->actualizar_producto()
#9 C:\xampp\htdocs\CI_AcevedoAriel\system\CodeIgniter.php(419): CodeIgniter\CodeIgniter->runController(Object(App\Controllers\Producto_Controller))
#10 C:\xampp\htdocs\CI_AcevedoAriel\system\CodeIgniter.php(326): CodeIgniter\CodeIgniter->handleRequest(NULL, Object(Config\Cache), false)
#11 C:\xampp\htdocs\CI_AcevedoAriel\index.php(37): CodeIgniter\CodeIgniter->run()
#12 {main}
